#! /usr/bin/vvp
:ivl_version "11.0 (stable)";
:ivl_delay_selection "TYPICAL";
:vpi_time_precision - 12;
:vpi_module "/usr/lib/x86_64-linux-gnu/ivl/system.vpi";
:vpi_module "/usr/lib/x86_64-linux-gnu/ivl/vhdl_sys.vpi";
:vpi_module "/usr/lib/x86_64-linux-gnu/ivl/vhdl_textio.vpi";
:vpi_module "/usr/lib/x86_64-linux-gnu/ivl/v2005_math.vpi";
:vpi_module "/usr/lib/x86_64-linux-gnu/ivl/va_math.vpi";
:vpi_module "/usr/lib/x86_64-linux-gnu/ivl/v2009.vpi";
S_0x5a70f329fb10 .scope package, "$unit" "$unit" 2 1;
 .timescale 0 0;
S_0x5a70f3271ec0 .scope module, "flopr" "flopr" 3 3;
 .timescale 0 0;
    .port_info 0 /INPUT 1 "clk";
    .port_info 1 /INPUT 1 "reset";
    .port_info 2 /INPUT 8 "d";
    .port_info 3 /OUTPUT 8 "q";
P_0x5a70f321cae0 .param/l "WIDTH" 0 3 3, +C4<00000000000000000000000000001000>;
o0x7d06b2a98018 .functor BUFZ 1, C4<z>; HiZ drive
v0x5a70f3293330_0 .net "clk", 0 0, o0x7d06b2a98018;  0 drivers
o0x7d06b2a98048 .functor BUFZ 8, C4<zzzzzzzz>; HiZ drive
v0x5a70f3272800_0 .net "d", 7 0, o0x7d06b2a98048;  0 drivers
v0x5a70f32728a0_0 .var "q", 7 0;
o0x7d06b2a980a8 .functor BUFZ 1, C4<z>; HiZ drive
v0x5a70f327e0b0_0 .net "reset", 0 0, o0x7d06b2a980a8;  0 drivers
E_0x5a70f31cdf60 .event posedge, v0x5a70f327e0b0_0, v0x5a70f3293330_0;
S_0x5a70f328ad10 .scope module, "riscv_cpu_tb" "riscv_cpu_tb" 4 34;
 .timescale -9 -12;
v0x5a70f32d47b0_0 .var "clk", 0 0;
v0x5a70f32d4870_0 .var/i "cycles", 31 0;
v0x5a70f32d4950_0 .net "data_addr", 31 0, L_0x5a70f32f0730;  1 drivers
v0x5a70f32d4a40_0 .var "expect_path", 1023 0;
v0x5a70f32d4b20_0 .var "ext_data_addr", 31 0;
v0x5a70f32d4c30_0 .var "ext_mem_write", 0 0;
v0x5a70f32d4cd0_0 .var "ext_write_data", 31 0;
v0x5a70f32d4da0_0 .var "have_expect", 0 0;
v0x5a70f32d4e40_0 .var "have_regdump", 0 0;
v0x5a70f32d4ee0_0 .var/i "max_cycles", 31 0;
v0x5a70f32d4fc0_0 .net "mem_write", 0 0, L_0x5a70f32f0450;  1 drivers
v0x5a70f32d5060_0 .net "pc", 31 0, v0x5a70f32c8740_0;  1 drivers
v0x5a70f32d5120_0 .net "read_data", 31 0, L_0x5a70f32f02d0;  1 drivers
v0x5a70f32d51e0_0 .var "regdump_path", 1023 0;
v0x5a70f32d52c0_0 .var "reset", 0 0;
v0x5a70f32d5470_0 .net "result", 31 0, L_0x5a70f32ef3d0;  1 drivers
v0x5a70f32d5530_0 .net "write_data", 31 0, L_0x5a70f32f05b0;  1 drivers
S_0x5a70f3298260 .scope task, "dump_registers" "dump_registers" 4 79, 4 79 0, S_0x5a70f328ad10;
 .timescale -9 -12;
v0x5a70f327e1b0_0 .var/i "fd", 31 0;
v0x5a70f31e0450_0 .var "hexpath", 1023 0;
v0x5a70f32ae010_0 .var/i "i", 31 0;
TD_riscv_cpu_tb.dump_registers ;
    %vpi_call/w 4 84 "$display", "===================================================================" {0 0 0};
    %vpi_call/w 4 85 "$display", " final register file contents (x0..x31)" {0 0 0};
    %vpi_call/w 4 86 "$display", "===================================================================" {0 0 0};
    %pushi/vec4 0, 0, 32;
    %store/vec4 v0x5a70f32ae010_0, 0, 32;
T_0.0 ;
    %load/vec4 v0x5a70f32ae010_0;
    %cmpi/s 32, 0, 32;
    %jmp/0xz T_0.1, 5;
    %vpi_call/w 4 88 "$display", "  x%-2d = %-11d  (0x%08h)", v0x5a70f32ae010_0, &A<v0x5a70f32cb670, v0x5a70f32ae010_0 >, &A<v0x5a70f32cb670, v0x5a70f32ae010_0 > {0 0 0};
    %load/vec4 v0x5a70f32ae010_0;
    %addi 1, 0, 32;
    %store/vec4 v0x5a70f32ae010_0, 0, 32;
    %jmp T_0.0;
T_0.1 ;
    %vpi_call/w 4 91 "$display", "===================================================================" {0 0 0};
    %load/vec4 v0x5a70f32d4e40_0;
    %flag_set/vec4 8;
    %jmp/0xz  T_0.2, 8;
    %load/vec4 v0x5a70f32d51e0_0;
    %pushi/vec4 779384948, 0, 32; draw_string_vec4
    %concat/vec4; draw_concat_vec4
    %vpi_func 4 95 "$fopen" 32, S<0,vec4,u1056>, "w" {1 0 0};
    %store/vec4 v0x5a70f327e1b0_0, 0, 32;
    %load/vec4 v0x5a70f327e1b0_0;
    %cmpi/ne 0, 0, 32;
    %jmp/0xz  T_0.4, 4;
    %pushi/vec4 0, 0, 32;
    %store/vec4 v0x5a70f32ae010_0, 0, 32;
T_0.6 ;
    %load/vec4 v0x5a70f32ae010_0;
    %cmpi/s 32, 0, 32;
    %jmp/0xz T_0.7, 5;
    %vpi_call/w 4 98 "$fdisplay", v0x5a70f327e1b0_0, "x%-2d = %-11d (0x%08h)", v0x5a70f32ae010_0, &A<v0x5a70f32cb670, v0x5a70f32ae010_0 >, &A<v0x5a70f32cb670, v0x5a70f32ae010_0 > {0 0 0};
    %load/vec4 v0x5a70f32ae010_0;
    %addi 1, 0, 32;
    %store/vec4 v0x5a70f32ae010_0, 0, 32;
    %jmp T_0.6;
T_0.7 ;
    %vpi_call/w 4 100 "$fclose", v0x5a70f327e1b0_0 {0 0 0};
    %jmp T_0.5;
T_0.4 ;
    %vpi_call/w 4 102 "$display", "[tb] WARNING: could not open %0s.txt for register dump", v0x5a70f32d51e0_0 {0 0 0};
T_0.5 ;
    %load/vec4 v0x5a70f32d51e0_0;
    %pushi/vec4 778593656, 0, 32; draw_string_vec4
    %concat/vec4; draw_concat_vec4
    %pad/u 1024;
    %store/vec4 v0x5a70f31e0450_0, 0, 1024;
    %vpi_call/w 4 110 "$writememh", v0x5a70f31e0450_0, v0x5a70f32cb670, 32'sb00000000000000000000000000000000, 32'sb00000000000000000000000000011111 {0 0 0};
    %vpi_call/w 4 111 "$display", "[tb] register dump written: %0s.txt and %0s.hex", v0x5a70f32d51e0_0, v0x5a70f32d51e0_0 {0 0 0};
T_0.2 ;
    %end;
S_0x5a70f32985e0 .scope module, "dut" "riscv_cpu_wrapper" 4 52, 5 11 0, S_0x5a70f328ad10;
 .timescale 0 0;
    .port_info 0 /INPUT 1 "clk";
    .port_info 1 /INPUT 1 "reset";
    .port_info 2 /INPUT 1 "ext_mem_write";
    .port_info 3 /INPUT 32 "ext_write_data";
    .port_info 4 /INPUT 32 "ext_data_addr";
    .port_info 5 /OUTPUT 1 "mem_write";
    .port_info 6 /OUTPUT 32 "write_data";
    .port_info 7 /OUTPUT 32 "data_addr";
    .port_info 8 /OUTPUT 32 "read_data";
    .port_info 9 /OUTPUT 32 "pc";
    .port_info 10 /OUTPUT 32 "result";
L_0x5a70f32f0390 .functor AND 1, v0x5a70f32d4c30_0, v0x5a70f32d52c0_0, C4<1>, C4<1>;
L_0x5a70f32f0540 .functor AND 1, v0x5a70f32d4c30_0, v0x5a70f32d52c0_0, C4<1>, C4<1>;
v0x5a70f32d2e40_0 .net *"_ivl_1", 0 0, L_0x5a70f32f0390;  1 drivers
L_0x7d06b2a4f648 .functor BUFT 1, C4<1>, C4<0>, C4<0>, C4<0>;
v0x5a70f32d2f20_0 .net/2u *"_ivl_2", 0 0, L_0x7d06b2a4f648;  1 drivers
v0x5a70f32d3000_0 .net *"_ivl_7", 0 0, L_0x5a70f32f0540;  1 drivers
v0x5a70f32d30d0_0 .net "clk", 0 0, v0x5a70f32d47b0_0;  1 drivers
v0x5a70f32d3170_0 .net "data_addr", 31 0, L_0x5a70f32f0730;  alias, 1 drivers
v0x5a70f32d3230_0 .net "data_addr_rv32", 31 0, L_0x5a70f32ebaf0;  1 drivers
v0x5a70f32d32d0_0 .net "ext_data_addr", 31 0, v0x5a70f32d4b20_0;  1 drivers
v0x5a70f32d33b0_0 .net "ext_mem_write", 0 0, v0x5a70f32d4c30_0;  1 drivers
v0x5a70f32d3470_0 .net "ext_write_data", 31 0, v0x5a70f32d4cd0_0;  1 drivers
v0x5a70f32d3550_0 .net "instr", 31 0, L_0x5a70f32f0080;  1 drivers
v0x5a70f32d3610_0 .net "mem_write", 0 0, L_0x5a70f32f0450;  alias, 1 drivers
v0x5a70f32d36b0_0 .net "mem_write_rv32", 0 0, L_0x5a70f32eb1c0;  1 drivers
v0x5a70f32d3750_0 .net "pc", 31 0, v0x5a70f32c8740_0;  alias, 1 drivers
v0x5a70f32d37f0_0 .net "read_data", 31 0, L_0x5a70f32f02d0;  alias, 1 drivers
v0x5a70f32d3940_0 .net "reset", 0 0, v0x5a70f32d52c0_0;  1 drivers
v0x5a70f32d39e0_0 .net "result", 31 0, L_0x5a70f32ef3d0;  alias, 1 drivers
v0x5a70f32d3aa0_0 .net "write_data", 31 0, L_0x5a70f32f05b0;  alias, 1 drivers
v0x5a70f32d3c70_0 .net "write_data_rv32", 31 0, L_0x5a70f32ebb60;  1 drivers
L_0x5a70f32f0450 .functor MUXZ 1, L_0x5a70f32eb1c0, L_0x7d06b2a4f648, L_0x5a70f32f0390, C4<>;
L_0x5a70f32f05b0 .functor MUXZ 32, L_0x5a70f32ebb60, v0x5a70f32d4cd0_0, L_0x5a70f32f0540, C4<>;
L_0x5a70f32f0730 .functor MUXZ 32, L_0x5a70f32ebaf0, v0x5a70f32d4b20_0, v0x5a70f32d52c0_0, C4<>;
S_0x5a70f3298990 .scope module, "datamem" "data_mem" 5 36, 6 4 0, S_0x5a70f32985e0;
 .timescale 0 0;
    .port_info 0 /INPUT 1 "clk";
    .port_info 1 /INPUT 1 "we";
    .port_info 2 /INPUT 32 "addr";
    .port_info 3 /INPUT 32 "wd";
    .port_info 4 /OUTPUT 32 "rd";
P_0x5a70f32bad70 .param/l "DEPTH" 0 6 5, +C4<00000000000000000000000100000000>;
L_0x5a70f32f02d0 .functor BUFZ 32, L_0x5a70f32f0140, C4<00000000000000000000000000000000>, C4<00000000000000000000000000000000>, C4<00000000000000000000000000000000>;
v0x5a70f32bb180 .array "RAM", 255 0, 31 0;
v0x5a70f32bb260_0 .net *"_ivl_0", 31 0, L_0x5a70f32f0140;  1 drivers
v0x5a70f32bb340_0 .net *"_ivl_3", 29 0, L_0x5a70f32f01e0;  1 drivers
v0x5a70f32bb430_0 .net "addr", 31 0, L_0x5a70f32f0730;  alias, 1 drivers
v0x5a70f32bb510_0 .net "clk", 0 0, v0x5a70f32d47b0_0;  alias, 1 drivers
v0x5a70f32bb620_0 .net "rd", 31 0, L_0x5a70f32f02d0;  alias, 1 drivers
v0x5a70f32bb700_0 .net "wd", 31 0, L_0x5a70f32f05b0;  alias, 1 drivers
v0x5a70f32bb7e0_0 .net "we", 0 0, L_0x5a70f32f0450;  alias, 1 drivers
E_0x5a70f31ce460 .event posedge, v0x5a70f32bb510_0;
L_0x5a70f32f0140 .array/port v0x5a70f32bb180, L_0x5a70f32f01e0;
L_0x5a70f32f01e0 .part L_0x5a70f32f0730, 2, 30;
S_0x5a70f32bae80 .scope begin, "$unm_blk_13" "$unm_blk_13" 6 16, 6 16 0, S_0x5a70f3298990;
 .timescale 0 0;
v0x5a70f32bb080_0 .var/i "i", 31 0;
S_0x5a70f32bb940 .scope module, "instrmem" "instr_mem" 5 35, 7 9 0, S_0x5a70f32985e0;
 .timescale 0 0;
    .port_info 0 /INPUT 32 "pc";
    .port_info 1 /OUTPUT 32 "instr";
P_0x5a70f32bbb40 .param/l "DEPTH" 0 7 10, +C4<00000000000000000000000100000000>;
L_0x5a70f32f0080 .functor BUFZ 32, L_0x5a70f32efef0, C4<00000000000000000000000000000000>, C4<00000000000000000000000000000000>, C4<00000000000000000000000000000000>;
v0x5a70f32bbee0 .array "RAM", 255 0, 31 0;
v0x5a70f32bbfc0_0 .net *"_ivl_0", 31 0, L_0x5a70f32efef0;  1 drivers
v0x5a70f32bc0a0_0 .net *"_ivl_3", 29 0, L_0x5a70f32eff90;  1 drivers
v0x5a70f32bc190_0 .net "instr", 31 0, L_0x5a70f32f0080;  alias, 1 drivers
v0x5a70f32bc270_0 .var "memfile", 1023 0;
v0x5a70f32bc3a0_0 .net "pc", 31 0, v0x5a70f32c8740_0;  alias, 1 drivers
L_0x5a70f32efef0 .array/port v0x5a70f32bbee0, L_0x5a70f32eff90;
L_0x5a70f32eff90 .part v0x5a70f32c8740_0, 2, 30;
S_0x5a70f32bbbe0 .scope begin, "$unm_blk_12" "$unm_blk_12" 7 19, 7 19 0, S_0x5a70f32bb940;
 .timescale 0 0;
v0x5a70f32bbde0_0 .var/i "i", 31 0;
S_0x5a70f32bc4e0 .scope module, "rvcpu" "riscv_cpu" 5 25, 8 9 0, S_0x5a70f32985e0;
 .timescale 0 0;
    .port_info 0 /INPUT 1 "clk";
    .port_info 1 /INPUT 1 "reset";
    .port_info 2 /OUTPUT 32 "pc_f";
    .port_info 3 /INPUT 32 "instr_f";
    .port_info 4 /OUTPUT 1 "mem_write_m";
    .port_info 5 /OUTPUT 32 "mem_wr_addr_m";
    .port_info 6 /OUTPUT 32 "mem_wr_data_m";
    .port_info 7 /INPUT 32 "read_data_m";
    .port_info 8 /OUTPUT 32 "result_w";
v0x5a70f32bf200_0 .net "alu_control_d", 3 0, v0x5a70f32bcfb0_0;  1 drivers
v0x5a70f32d1f20_0 .net "alu_src_d", 0 0, L_0x5a70f32d5890;  1 drivers
v0x5a70f32d1fe0_0 .net "branch_d", 0 0, L_0x5a70f32d5c50;  1 drivers
v0x5a70f32d2080_0 .net "clk", 0 0, v0x5a70f32d47b0_0;  alias, 1 drivers
v0x5a70f32d2120_0 .net "imm_src_d", 2 0, L_0x5a70f32d57f0;  1 drivers
v0x5a70f32d2210_0 .net "instr_d", 31 0, L_0x5a70f32e68d0;  1 drivers
v0x5a70f32d22b0_0 .net "instr_f", 31 0, L_0x5a70f32f0080;  alias, 1 drivers
v0x5a70f32d2350_0 .net "jump_d", 0 0, L_0x5a70f32d5e60;  1 drivers
v0x5a70f32d23f0_0 .net "mem_wr_addr_m", 31 0, L_0x5a70f32ebaf0;  alias, 1 drivers
v0x5a70f32d2540_0 .net "mem_wr_data_m", 31 0, L_0x5a70f32ebb60;  alias, 1 drivers
v0x5a70f32d2610_0 .net "mem_write_d", 0 0, L_0x5a70f32d5930;  1 drivers
v0x5a70f32d26b0_0 .net "mem_write_m", 0 0, L_0x5a70f32eb1c0;  alias, 1 drivers
v0x5a70f32d2780_0 .net "pc_f", 31 0, v0x5a70f32c8740_0;  alias, 1 drivers
v0x5a70f32d28b0_0 .net "read_data_m", 31 0, L_0x5a70f32f02d0;  alias, 1 drivers
v0x5a70f32d2950_0 .net "reg_write_d", 0 0, L_0x5a70f32d5750;  1 drivers
v0x5a70f32d29f0_0 .net "reset", 0 0, v0x5a70f32d52c0_0;  alias, 1 drivers
v0x5a70f32d2a90_0 .net "result_src_d", 1 0, L_0x5a70f32d5b20;  1 drivers
v0x5a70f32d2c60_0 .net "result_w", 31 0, L_0x5a70f32ef3d0;  alias, 1 drivers
L_0x5a70f32d6190 .part L_0x5a70f32e68d0, 0, 7;
L_0x5a70f32d6250 .part L_0x5a70f32e68d0, 12, 3;
L_0x5a70f32d62f0 .part L_0x5a70f32e68d0, 30, 1;
S_0x5a70f32bc710 .scope module, "ctrl" "controller" 8 26, 9 9 0, S_0x5a70f32bc4e0;
 .timescale 0 0;
    .port_info 0 /INPUT 7 "op_d";
    .port_info 1 /INPUT 3 "funct3_d";
    .port_info 2 /INPUT 1 "funct7_b5_d";
    .port_info 3 /OUTPUT 2 "result_src_d";
    .port_info 4 /OUTPUT 1 "mem_write_d";
    .port_info 5 /OUTPUT 1 "alu_src_d";
    .port_info 6 /OUTPUT 1 "reg_write_d";
    .port_info 7 /OUTPUT 1 "jump_d";
    .port_info 8 /OUTPUT 1 "branch_d";
    .port_info 9 /OUTPUT 3 "imm_src_d";
    .port_info 10 /OUTPUT 4 "alu_control_d";
v0x5a70f32be5b0_0 .net "alu_control_d", 3 0, v0x5a70f32bcfb0_0;  alias, 1 drivers
v0x5a70f32be690_0 .net "alu_op_d", 1 0, L_0x5a70f32d5dc0;  1 drivers
v0x5a70f32be730_0 .net "alu_src_d", 0 0, L_0x5a70f32d5890;  alias, 1 drivers
v0x5a70f32be800_0 .net "branch_d", 0 0, L_0x5a70f32d5c50;  alias, 1 drivers
v0x5a70f32be8d0_0 .net "funct3_d", 2 0, L_0x5a70f32d6250;  1 drivers
v0x5a70f32be9c0_0 .net "funct7_b5_d", 0 0, L_0x5a70f32d62f0;  1 drivers
v0x5a70f32bea90_0 .net "imm_src_d", 2 0, L_0x5a70f32d57f0;  alias, 1 drivers
v0x5a70f32beb60_0 .net "jump_d", 0 0, L_0x5a70f32d5e60;  alias, 1 drivers
v0x5a70f32bec30_0 .net "mem_write_d", 0 0, L_0x5a70f32d5930;  alias, 1 drivers
v0x5a70f32bed00_0 .net "op_d", 6 0, L_0x5a70f32d6190;  1 drivers
v0x5a70f32bedd0_0 .net "reg_write_d", 0 0, L_0x5a70f32d5750;  alias, 1 drivers
v0x5a70f32beea0_0 .net "result_src_d", 1 0, L_0x5a70f32d5b20;  alias, 1 drivers
L_0x5a70f32d60f0 .part L_0x5a70f32d6190, 5, 1;
S_0x5a70f32bc8f0 .scope module, "ad" "alu_decoder" 9 35, 10 9 0, S_0x5a70f32bc710;
 .timescale 0 0;
    .port_info 0 /INPUT 1 "op_b5";
    .port_info 1 /INPUT 3 "funct3_d";
    .port_info 2 /INPUT 1 "funct7_b5_d";
    .port_info 3 /INPUT 2 "alu_op_d";
    .port_info 4 /OUTPUT 4 "alu_control_d";
P_0x5a70f329c800 .param/l "ALU_ADD" 1 10 17, C4<0000>;
P_0x5a70f329c840 .param/l "ALU_AND" 1 10 19, C4<0010>;
P_0x5a70f329c880 .param/l "ALU_OR" 1 10 20, C4<0011>;
P_0x5a70f329c8c0 .param/l "ALU_SLL" 1 10 22, C4<0111>;
P_0x5a70f329c900 .param/l "ALU_SLT" 1 10 25, C4<0101>;
P_0x5a70f329c940 .param/l "ALU_SLTU" 1 10 26, C4<1010>;
P_0x5a70f329c980 .param/l "ALU_SRA" 1 10 24, C4<1001>;
P_0x5a70f329c9c0 .param/l "ALU_SRL" 1 10 23, C4<1000>;
P_0x5a70f329ca00 .param/l "ALU_SUB" 1 10 18, C4<0001>;
P_0x5a70f329ca40 .param/l "ALU_XOR" 1 10 21, C4<0110>;
v0x5a70f32bcfb0_0 .var "alu_control_d", 3 0;
v0x5a70f32bd0b0_0 .net "alu_op_d", 1 0, L_0x5a70f32d5dc0;  alias, 1 drivers
v0x5a70f32bd190_0 .net "funct3_d", 2 0, L_0x5a70f32d6250;  alias, 1 drivers
v0x5a70f32bd280_0 .net "funct7_b5_d", 0 0, L_0x5a70f32d62f0;  alias, 1 drivers
v0x5a70f32bd340_0 .net "op_b5", 0 0, L_0x5a70f32d60f0;  1 drivers
E_0x5a70f32ae630 .event edge, v0x5a70f32bd0b0_0, v0x5a70f32bd190_0, v0x5a70f32bd280_0, v0x5a70f32bd340_0;
S_0x5a70f32bd4f0 .scope module, "md" "main_decoder" 9 23, 11 9 0, S_0x5a70f32bc710;
 .timescale 0 0;
    .port_info 0 /INPUT 7 "op_d";
    .port_info 1 /OUTPUT 2 "result_src_d";
    .port_info 2 /OUTPUT 1 "mem_write_d";
    .port_info 3 /OUTPUT 1 "branch_d";
    .port_info 4 /OUTPUT 1 "alu_src_d";
    .port_info 5 /OUTPUT 1 "reg_write_d";
    .port_info 6 /OUTPUT 1 "jump_d";
    .port_info 7 /OUTPUT 3 "imm_src_d";
    .port_info 8 /OUTPUT 2 "alu_op_d";
P_0x5a70f32a1fa0 .param/l "OP_AUIPC" 1 11 30, C4<0010111>;
P_0x5a70f32a1fe0 .param/l "OP_BRANCH" 1 11 25, C4<1100011>;
P_0x5a70f32a2020 .param/l "OP_ITYPE" 1 11 26, C4<0010011>;
P_0x5a70f32a2060 .param/l "OP_JAL" 1 11 27, C4<1101111>;
P_0x5a70f32a20a0 .param/l "OP_JALR" 1 11 28, C4<1100111>;
P_0x5a70f32a20e0 .param/l "OP_LOAD" 1 11 22, C4<0000011>;
P_0x5a70f32a2120 .param/l "OP_LUI" 1 11 29, C4<0110111>;
P_0x5a70f32a2160 .param/l "OP_RTYPE" 1 11 24, C4<0110011>;
P_0x5a70f32a21a0 .param/l "OP_STORE" 1 11 23, C4<0100011>;
v0x5a70f32bdb50_0 .net *"_ivl_10", 11 0, v0x5a70f32bde80_0;  1 drivers
v0x5a70f32bdc50_0 .net "alu_op_d", 1 0, L_0x5a70f32d5dc0;  alias, 1 drivers
v0x5a70f32bdd10_0 .net "alu_src_d", 0 0, L_0x5a70f32d5890;  alias, 1 drivers
v0x5a70f32bdde0_0 .net "branch_d", 0 0, L_0x5a70f32d5c50;  alias, 1 drivers
v0x5a70f32bde80_0 .var "controls", 11 0;
v0x5a70f32bdfb0_0 .net "imm_src_d", 2 0, L_0x5a70f32d57f0;  alias, 1 drivers
v0x5a70f32be090_0 .net "jump_d", 0 0, L_0x5a70f32d5e60;  alias, 1 drivers
v0x5a70f32be150_0 .net "mem_write_d", 0 0, L_0x5a70f32d5930;  alias, 1 drivers
v0x5a70f32be210_0 .net "op_d", 6 0, L_0x5a70f32d6190;  alias, 1 drivers
v0x5a70f32be2f0_0 .net "reg_write_d", 0 0, L_0x5a70f32d5750;  alias, 1 drivers
v0x5a70f32be3b0_0 .net "result_src_d", 1 0, L_0x5a70f32d5b20;  alias, 1 drivers
E_0x5a70f32ae670 .event edge, v0x5a70f32be210_0;
L_0x5a70f32d5750 .part v0x5a70f32bde80_0, 11, 1;
L_0x5a70f32d57f0 .part v0x5a70f32bde80_0, 8, 3;
L_0x5a70f32d5890 .part v0x5a70f32bde80_0, 7, 1;
L_0x5a70f32d5930 .part v0x5a70f32bde80_0, 6, 1;
L_0x5a70f32d5b20 .part v0x5a70f32bde80_0, 4, 2;
L_0x5a70f32d5c50 .part v0x5a70f32bde80_0, 3, 1;
L_0x5a70f32d5dc0 .part v0x5a70f32bde80_0, 1, 2;
L_0x5a70f32d5e60 .part v0x5a70f32bde80_0, 0, 1;
S_0x5a70f32bf050 .scope module, "dp" "datapath" 8 40, 12 18 0, S_0x5a70f32bc4e0;
 .timescale 0 0;
    .port_info 0 /INPUT 1 "clk";
    .port_info 1 /INPUT 1 "reset";
    .port_info 2 /INPUT 2 "result_src_d";
    .port_info 3 /INPUT 1 "mem_write_d";
    .port_info 4 /INPUT 1 "alu_src_d";
    .port_info 5 /INPUT 1 "reg_write_d";
    .port_info 6 /INPUT 1 "jump_d";
    .port_info 7 /INPUT 1 "branch_d";
    .port_info 8 /INPUT 3 "imm_src_d";
    .port_info 9 /INPUT 4 "alu_control_d";
    .port_info 10 /OUTPUT 32 "pc_f";
    .port_info 11 /INPUT 32 "instr_f";
    .port_info 12 /OUTPUT 32 "instr_d";
    .port_info 13 /OUTPUT 1 "mem_write_m";
    .port_info 14 /OUTPUT 32 "mem_wr_addr_m";
    .port_info 15 /OUTPUT 32 "mem_wr_data_m";
    .port_info 16 /INPUT 32 "read_data_m";
    .port_info 17 /OUTPUT 32 "result_w";
L_0x5a70f32ade80 .functor NOT 1, L_0x5a70f32efc00, C4<0>, C4<0>, C4<0>;
L_0x5a70f32e65f0 .functor NOT 1, L_0x5a70f32efcc0, C4<0>, C4<0>, C4<0>;
L_0x5a70f32e8620 .functor AND 1, L_0x5a70f32e8850, L_0x5a70f32e8b50, C4<1>, C4<1>;
L_0x5a70f32ea760 .functor NOT 1, L_0x5a70f32ea2a0, C4<0>, C4<0>, C4<0>;
L_0x5a70f32eaa00 .functor AND 1, L_0x5a70f32e8980, L_0x5a70f32ea7d0, C4<1>, C4<1>;
L_0x5a70f32eaac0 .functor OR 1, L_0x5a70f32eaa00, L_0x5a70f32e8850, C4<0>, C4<0>;
L_0x5a70f32ebaf0 .functor BUFZ 32, L_0x5a70f32eb380, C4<00000000000000000000000000000000>, C4<00000000000000000000000000000000>, C4<00000000000000000000000000000000>;
L_0x5a70f32ebb60 .functor BUFZ 32, L_0x5a70f32eb4b0, C4<00000000000000000000000000000000>, C4<00000000000000000000000000000000>, C4<00000000000000000000000000000000>;
L_0x7d06b2a4f528 .functor BUFT 1, C4<0000000000000000>, C4<0>, C4<0>, C4<0>;
v0x5a70f32ccb60_0 .net/2u *"_ivl_100", 15 0, L_0x7d06b2a4f528;  1 drivers
v0x5a70f32ccc60_0 .net *"_ivl_103", 15 0, L_0x5a70f32edcc0;  1 drivers
v0x5a70f32ccd40_0 .net *"_ivl_25", 2 0, L_0x5a70f32e8120;  1 drivers
v0x5a70f32cce00_0 .net *"_ivl_49", 0 0, L_0x5a70f32ea6c0;  1 drivers
v0x5a70f32ccee0_0 .net *"_ivl_50", 0 0, L_0x5a70f32ea760;  1 drivers
v0x5a70f32cd010_0 .net *"_ivl_52", 0 0, L_0x5a70f32ea7d0;  1 drivers
v0x5a70f32cd0f0_0 .net *"_ivl_54", 0 0, L_0x5a70f32eaa00;  1 drivers
v0x5a70f32cd1d0_0 .net *"_ivl_79", 0 0, L_0x5a70f32ec800;  1 drivers
v0x5a70f32cd2b0_0 .net *"_ivl_80", 23 0, L_0x5a70f32ec8a0;  1 drivers
v0x5a70f32cd390_0 .net *"_ivl_83", 7 0, L_0x5a70f32ecc00;  1 drivers
v0x5a70f32cd470_0 .net *"_ivl_87", 0 0, L_0x5a70f32ecf50;  1 drivers
v0x5a70f32cd550_0 .net *"_ivl_88", 15 0, L_0x5a70f32ecff0;  1 drivers
v0x5a70f32cd630_0 .net *"_ivl_91", 15 0, L_0x5a70f32ed580;  1 drivers
L_0x7d06b2a4f4e0 .functor BUFT 1, C4<000000000000000000000000>, C4<0>, C4<0>, C4<0>;
v0x5a70f32cd710_0 .net/2u *"_ivl_94", 23 0, L_0x7d06b2a4f4e0;  1 drivers
v0x5a70f32cd7f0_0 .net *"_ivl_97", 7 0, L_0x5a70f32ed8f0;  1 drivers
v0x5a70f32cd8d0_0 .net "alu_control_d", 3 0, v0x5a70f32bcfb0_0;  alias, 1 drivers
v0x5a70f32cd990_0 .net "alu_control_e", 3 0, L_0x5a70f32e8ab0;  1 drivers
v0x5a70f32cdb60_0 .net "alu_result_e", 31 0, v0x5a70f32cc730_0;  1 drivers
v0x5a70f32cdc50_0 .net "alu_result_m", 31 0, L_0x5a70f32eb380;  1 drivers
v0x5a70f32cdd60_0 .net "alu_result_w", 31 0, L_0x5a70f32ee620;  1 drivers
v0x5a70f32cde20_0 .net "alu_src_d", 0 0, L_0x5a70f32d5890;  alias, 1 drivers
v0x5a70f32cdf10_0 .net "alu_src_e", 0 0, L_0x5a70f32e8b50;  1 drivers
v0x5a70f32cdfb0_0 .net "auipc_lui_result_e", 31 0, L_0x5a70f32eac00;  1 drivers
v0x5a70f32ce050_0 .net "auipc_lui_result_m", 31 0, L_0x5a70f32eb860;  1 drivers
v0x5a70f32ce0f0_0 .net "auipc_lui_result_w", 31 0, L_0x5a70f32eecf0;  1 drivers
v0x5a70f32ce1b0_0 .net "branch_d", 0 0, L_0x5a70f32d5c50;  alias, 1 drivers
v0x5a70f32ce2a0_0 .net "branch_e", 0 0, L_0x5a70f32e8980;  1 drivers
v0x5a70f32ce340_0 .net "clk", 0 0, v0x5a70f32d47b0_0;  alias, 1 drivers
v0x5a70f32ce3e0_0 .net "flush_d", 0 0, L_0x5a70f32efd30;  1 drivers
v0x5a70f32ce4d0_0 .net "flush_e", 0 0, L_0x5a70f32efde0;  1 drivers
v0x5a70f32ce5c0_0 .net "forward_ae", 1 0, v0x5a70f32c2980_0;  1 drivers
v0x5a70f32ce6d0_0 .net "forward_be", 1 0, v0x5a70f32c2ad0_0;  1 drivers
v0x5a70f32ce7e0_0 .net "funct3_e", 2 0, L_0x5a70f32e8ee0;  1 drivers
v0x5a70f32ce8c0_0 .net "funct3_m", 2 0, L_0x5a70f32eb900;  1 drivers
v0x5a70f32ce980_0 .net "imm_ext_d", 31 0, v0x5a70f32c0690_0;  1 drivers
v0x5a70f32cea20_0 .net "imm_ext_e", 31 0, L_0x5a70f32e97a0;  1 drivers
v0x5a70f32ceac0_0 .net "imm_src_d", 2 0, L_0x5a70f32d57f0;  alias, 1 drivers
v0x5a70f32ceb80_0 .net "instr_d", 31 0, L_0x5a70f32e68d0;  alias, 1 drivers
v0x5a70f32cec60_0 .net "instr_f", 31 0, L_0x5a70f32f0080;  alias, 1 drivers
v0x5a70f32ced20_0 .net "jump_d", 0 0, L_0x5a70f32d5e60;  alias, 1 drivers
v0x5a70f32cee10_0 .net "jump_e", 0 0, L_0x5a70f32e8850;  1 drivers
v0x5a70f32ceeb0_0 .net "mem_wr_addr_m", 31 0, L_0x5a70f32ebaf0;  alias, 1 drivers
v0x5a70f32cef90_0 .net "mem_wr_data_m", 31 0, L_0x5a70f32ebb60;  alias, 1 drivers
v0x5a70f32cf070_0 .net "mem_write_d", 0 0, L_0x5a70f32d5930;  alias, 1 drivers
v0x5a70f32cf160_0 .net "mem_write_e", 0 0, L_0x5a70f32e8730;  1 drivers
v0x5a70f32cf220_0 .net "mem_write_m", 0 0, L_0x5a70f32eb1c0;  alias, 1 drivers
v0x5a70f32cf2e0_0 .net "op5_d", 0 0, L_0x5a70f32e6d70;  1 drivers
v0x5a70f32cf3a0_0 .net "op5_e", 0 0, L_0x5a70f32e8ce0;  1 drivers
v0x5a70f32cf440_0 .net "pc_d", 31 0, L_0x5a70f32e6970;  1 drivers
v0x5a70f32cf500_0 .net "pc_e", 31 0, L_0x5a70f32e9230;  1 drivers
v0x5a70f32cf5c0_0 .net "pc_f", 31 0, v0x5a70f32c8740_0;  alias, 1 drivers
v0x5a70f32cf660_0 .net "pc_next_f", 31 0, L_0x5a70f32e6460;  1 drivers
v0x5a70f32cf770_0 .net "pc_plus4_d", 31 0, L_0x5a70f32e6830;  1 drivers
v0x5a70f32cf850_0 .net "pc_plus4_e", 31 0, L_0x5a70f32e9840;  1 drivers
v0x5a70f32cf930_0 .net "pc_plus4_f", 31 0, L_0x5a70f32d6390;  1 drivers
v0x5a70f32cfa40_0 .net "pc_plus4_m", 31 0, L_0x5a70f32eb680;  1 drivers
v0x5a70f32cfb20_0 .net "pc_plus4_w", 31 0, L_0x5a70f32eec50;  1 drivers
v0x5a70f32cfbe0_0 .net "pc_src_e", 0 0, L_0x5a70f32eaac0;  1 drivers
v0x5a70f32cfcd0_0 .net "pc_target_e", 31 0, L_0x5a70f32ea340;  1 drivers
v0x5a70f32cfd70_0 .net "pc_target_final_e", 31 0, L_0x5a70f32ea500;  1 drivers
v0x5a70f32cfe80_0 .net "pc_target_src_e", 0 0, L_0x5a70f32e8620;  1 drivers
v0x5a70f32cff20_0 .net "rd1_d", 31 0, L_0x5a70f32e75c0;  1 drivers
v0x5a70f32cffc0_0 .net "rd1_e", 31 0, L_0x5a70f32e8c40;  1 drivers
v0x5a70f32d0060_0 .net "rd2_d", 31 0, L_0x5a70f32e7e30;  1 drivers
v0x5a70f32d0100_0 .net "rd2_e", 31 0, L_0x5a70f32e9080;  1 drivers
v0x5a70f32d05b0_0 .net "rd_d", 4 0, L_0x5a70f32e6bc0;  1 drivers
v0x5a70f32d0670_0 .net "rd_e", 4 0, L_0x5a70f32e95d0;  1 drivers
v0x5a70f32d0760_0 .net "rd_m", 4 0, L_0x5a70f32eb260;  1 drivers
v0x5a70f32d0830_0 .net "rd_w", 4 0, L_0x5a70f32ee9d0;  1 drivers
v0x5a70f32d0920_0 .net "read_data_ext_m", 31 0, L_0x5a70f32ec660;  1 drivers
v0x5a70f32d09e0_0 .net "read_data_m", 31 0, L_0x5a70f32f02d0;  alias, 1 drivers
v0x5a70f32d0ad0_0 .net "read_data_w", 31 0, L_0x5a70f32ee8e0;  1 drivers
v0x5a70f32d0b90_0 .net "reg_write_d", 0 0, L_0x5a70f32d5750;  alias, 1 drivers
v0x5a70f32d0c80_0 .net "reg_write_e", 0 0, L_0x5a70f32e8580;  1 drivers
v0x5a70f32d0d20_0 .net "reg_write_m", 0 0, L_0x5a70f32eaed0;  1 drivers
v0x5a70f32d0dc0_0 .net "reg_write_w", 0 0, L_0x5a70f32ee280;  1 drivers
v0x5a70f32d0eb0_0 .net "reset", 0 0, v0x5a70f32d52c0_0;  alias, 1 drivers
v0x5a70f32d0f50_0 .net "result_src_d", 1 0, L_0x5a70f32d5b20;  alias, 1 drivers
v0x5a70f32d1040_0 .net "result_src_e", 1 0, L_0x5a70f32e8690;  1 drivers
v0x5a70f32d1120_0 .net "result_src_m", 1 0, L_0x5a70f32eb0d0;  1 drivers
v0x5a70f32d1200_0 .net "result_src_w", 1 0, L_0x5a70f32ee4e0;  1 drivers
v0x5a70f32d12c0_0 .net "result_w", 31 0, L_0x5a70f32ef3d0;  alias, 1 drivers
v0x5a70f32d1360_0 .net "rs1_d", 4 0, L_0x5a70f32e6a40;  1 drivers
v0x5a70f32d1420_0 .net "rs1_e", 4 0, L_0x5a70f32e9320;  1 drivers
v0x5a70f32d14e0_0 .net "rs2_d", 4 0, L_0x5a70f32e6ae0;  1 drivers
v0x5a70f32d15d0_0 .net "rs2_e", 4 0, L_0x5a70f32e94e0;  1 drivers
v0x5a70f32d1690_0 .net "src_a_e", 31 0, L_0x5a70f32e9bb0;  1 drivers
v0x5a70f32d1780_0 .net "src_b_e", 31 0, L_0x5a70f32ea0e0;  1 drivers
v0x5a70f32d1890_0 .net "stall_d", 0 0, L_0x5a70f32efcc0;  1 drivers
v0x5a70f32d1930_0 .net "stall_f", 0 0, L_0x5a70f32efc00;  1 drivers
v0x5a70f32d19d0_0 .net "write_data_e", 31 0, L_0x5a70f32e9f10;  1 drivers
v0x5a70f32d1ac0_0 .net "write_data_m", 31 0, L_0x5a70f32eb4b0;  1 drivers
v0x5a70f32d1b80_0 .net "zero_e", 0 0, L_0x5a70f32ea2a0;  1 drivers
L_0x5a70f32e6680 .concat [ 32 32 32 0], v0x5a70f32c8740_0, L_0x5a70f32f0080, L_0x5a70f32d6390;
L_0x5a70f32e6830 .part v0x5a70f32c49b0_0, 64, 32;
L_0x5a70f32e68d0 .part v0x5a70f32c49b0_0, 32, 32;
L_0x5a70f32e6970 .part v0x5a70f32c49b0_0, 0, 32;
L_0x5a70f32e6a40 .part L_0x5a70f32e68d0, 15, 5;
L_0x5a70f32e6ae0 .part L_0x5a70f32e68d0, 20, 5;
L_0x5a70f32e6bc0 .part L_0x5a70f32e68d0, 7, 5;
L_0x5a70f32e6d70 .part L_0x5a70f32e68d0, 5, 1;
L_0x5a70f32e8080 .part L_0x5a70f32e68d0, 7, 25;
L_0x5a70f32e8120 .part L_0x5a70f32e68d0, 12, 3;
LS_0x5a70f32e8220_0_0 .concat [ 32 32 5 5], L_0x5a70f32e6830, v0x5a70f32c0690_0, L_0x5a70f32e6bc0, L_0x5a70f32e6ae0;
LS_0x5a70f32e8220_0_4 .concat [ 5 32 32 32], L_0x5a70f32e6a40, L_0x5a70f32e6970, L_0x5a70f32e7e30, L_0x5a70f32e75c0;
LS_0x5a70f32e8220_0_8 .concat [ 3 1 1 4], L_0x5a70f32e8120, L_0x5a70f32e6d70, L_0x5a70f32d5890, v0x5a70f32bcfb0_0;
LS_0x5a70f32e8220_0_12 .concat [ 1 1 1 2], L_0x5a70f32d5c50, L_0x5a70f32d5e60, L_0x5a70f32d5930, L_0x5a70f32d5b20;
LS_0x5a70f32e8220_0_16 .concat [ 1 0 0 0], L_0x5a70f32d5750;
LS_0x5a70f32e8220_1_0 .concat [ 74 101 9 5], LS_0x5a70f32e8220_0_0, LS_0x5a70f32e8220_0_4, LS_0x5a70f32e8220_0_8, LS_0x5a70f32e8220_0_12;
LS_0x5a70f32e8220_1_4 .concat [ 1 0 0 0], LS_0x5a70f32e8220_0_16;
L_0x5a70f32e8220 .concat [ 189 1 0 0], LS_0x5a70f32e8220_1_0, LS_0x5a70f32e8220_1_4;
L_0x5a70f32e8580 .part v0x5a70f32c4090_0, 189, 1;
L_0x5a70f32e8690 .part v0x5a70f32c4090_0, 187, 2;
L_0x5a70f32e8730 .part v0x5a70f32c4090_0, 186, 1;
L_0x5a70f32e8850 .part v0x5a70f32c4090_0, 185, 1;
L_0x5a70f32e8980 .part v0x5a70f32c4090_0, 184, 1;
L_0x5a70f32e8ab0 .part v0x5a70f32c4090_0, 180, 4;
L_0x5a70f32e8b50 .part v0x5a70f32c4090_0, 179, 1;
L_0x5a70f32e8ce0 .part v0x5a70f32c4090_0, 178, 1;
L_0x5a70f32e8ee0 .part v0x5a70f32c4090_0, 175, 3;
L_0x5a70f32e8c40 .part v0x5a70f32c4090_0, 143, 32;
L_0x5a70f32e9080 .part v0x5a70f32c4090_0, 111, 32;
L_0x5a70f32e9230 .part v0x5a70f32c4090_0, 79, 32;
L_0x5a70f32e9320 .part v0x5a70f32c4090_0, 74, 5;
L_0x5a70f32e94e0 .part v0x5a70f32c4090_0, 69, 5;
L_0x5a70f32e95d0 .part v0x5a70f32c4090_0, 64, 5;
L_0x5a70f32e97a0 .part v0x5a70f32c4090_0, 32, 32;
L_0x5a70f32e9840 .part v0x5a70f32c4090_0, 0, 32;
L_0x5a70f32ea6c0 .part L_0x5a70f32e8ee0, 0, 1;
L_0x5a70f32ea7d0 .functor MUXZ 1, L_0x5a70f32ea2a0, L_0x5a70f32ea760, L_0x5a70f32ea6c0, C4<>;
LS_0x5a70f32eacf0_0_0 .concat [ 3 32 32 5], L_0x5a70f32e8ee0, L_0x5a70f32eac00, L_0x5a70f32e9840, L_0x5a70f32e95d0;
LS_0x5a70f32eacf0_0_4 .concat [ 32 32 1 2], L_0x5a70f32e9f10, v0x5a70f32cc730_0, L_0x5a70f32e8730, L_0x5a70f32e8690;
LS_0x5a70f32eacf0_0_8 .concat [ 1 0 0 0], L_0x5a70f32e8580;
L_0x5a70f32eacf0 .concat [ 72 67 1 0], LS_0x5a70f32eacf0_0_0, LS_0x5a70f32eacf0_0_4, LS_0x5a70f32eacf0_0_8;
L_0x5a70f32eaed0 .part v0x5a70f32c0130_0, 139, 1;
L_0x5a70f32eb0d0 .part v0x5a70f32c0130_0, 137, 2;
L_0x5a70f32eb1c0 .part v0x5a70f32c0130_0, 136, 1;
L_0x5a70f32eb380 .part v0x5a70f32c0130_0, 104, 32;
L_0x5a70f32eb4b0 .part v0x5a70f32c0130_0, 72, 32;
L_0x5a70f32eb260 .part v0x5a70f32c0130_0, 67, 5;
L_0x5a70f32eb680 .part v0x5a70f32c0130_0, 35, 32;
L_0x5a70f32eb860 .part v0x5a70f32c0130_0, 3, 32;
L_0x5a70f32eb900 .part v0x5a70f32c0130_0, 0, 3;
L_0x5a70f32ec800 .part L_0x5a70f32f02d0, 7, 1;
LS_0x5a70f32ec8a0_0_0 .concat [ 1 1 1 1], L_0x5a70f32ec800, L_0x5a70f32ec800, L_0x5a70f32ec800, L_0x5a70f32ec800;
LS_0x5a70f32ec8a0_0_4 .concat [ 1 1 1 1], L_0x5a70f32ec800, L_0x5a70f32ec800, L_0x5a70f32ec800, L_0x5a70f32ec800;
LS_0x5a70f32ec8a0_0_8 .concat [ 1 1 1 1], L_0x5a70f32ec800, L_0x5a70f32ec800, L_0x5a70f32ec800, L_0x5a70f32ec800;
LS_0x5a70f32ec8a0_0_12 .concat [ 1 1 1 1], L_0x5a70f32ec800, L_0x5a70f32ec800, L_0x5a70f32ec800, L_0x5a70f32ec800;
LS_0x5a70f32ec8a0_0_16 .concat [ 1 1 1 1], L_0x5a70f32ec800, L_0x5a70f32ec800, L_0x5a70f32ec800, L_0x5a70f32ec800;
LS_0x5a70f32ec8a0_0_20 .concat [ 1 1 1 1], L_0x5a70f32ec800, L_0x5a70f32ec800, L_0x5a70f32ec800, L_0x5a70f32ec800;
LS_0x5a70f32ec8a0_1_0 .concat [ 4 4 4 4], LS_0x5a70f32ec8a0_0_0, LS_0x5a70f32ec8a0_0_4, LS_0x5a70f32ec8a0_0_8, LS_0x5a70f32ec8a0_0_12;
LS_0x5a70f32ec8a0_1_4 .concat [ 4 4 0 0], LS_0x5a70f32ec8a0_0_16, LS_0x5a70f32ec8a0_0_20;
L_0x5a70f32ec8a0 .concat [ 16 8 0 0], LS_0x5a70f32ec8a0_1_0, LS_0x5a70f32ec8a0_1_4;
L_0x5a70f32ecc00 .part L_0x5a70f32f02d0, 0, 8;
L_0x5a70f32ecca0 .concat [ 8 24 0 0], L_0x5a70f32ecc00, L_0x5a70f32ec8a0;
L_0x5a70f32ecf50 .part L_0x5a70f32f02d0, 15, 1;
LS_0x5a70f32ecff0_0_0 .concat [ 1 1 1 1], L_0x5a70f32ecf50, L_0x5a70f32ecf50, L_0x5a70f32ecf50, L_0x5a70f32ecf50;
LS_0x5a70f32ecff0_0_4 .concat [ 1 1 1 1], L_0x5a70f32ecf50, L_0x5a70f32ecf50, L_0x5a70f32ecf50, L_0x5a70f32ecf50;
LS_0x5a70f32ecff0_0_8 .concat [ 1 1 1 1], L_0x5a70f32ecf50, L_0x5a70f32ecf50, L_0x5a70f32ecf50, L_0x5a70f32ecf50;
LS_0x5a70f32ecff0_0_12 .concat [ 1 1 1 1], L_0x5a70f32ecf50, L_0x5a70f32ecf50, L_0x5a70f32ecf50, L_0x5a70f32ecf50;
L_0x5a70f32ecff0 .concat [ 4 4 4 4], LS_0x5a70f32ecff0_0_0, LS_0x5a70f32ecff0_0_4, LS_0x5a70f32ecff0_0_8, LS_0x5a70f32ecff0_0_12;
L_0x5a70f32ed580 .part L_0x5a70f32f02d0, 0, 16;
L_0x5a70f32ed620 .concat [ 16 16 0 0], L_0x5a70f32ed580, L_0x5a70f32ecff0;
L_0x5a70f32ed8f0 .part L_0x5a70f32f02d0, 0, 8;
L_0x5a70f32ed990 .concat [ 8 24 0 0], L_0x5a70f32ed8f0, L_0x7d06b2a4f4e0;
L_0x5a70f32edcc0 .part L_0x5a70f32f02d0, 0, 16;
L_0x5a70f32edd60 .concat [ 16 16 0 0], L_0x5a70f32edcc0, L_0x7d06b2a4f528;
LS_0x5a70f32ee0a0_0_0 .concat [ 32 32 5 32], L_0x5a70f32eb860, L_0x5a70f32eb680, L_0x5a70f32eb260, L_0x5a70f32ec660;
LS_0x5a70f32ee0a0_0_4 .concat [ 32 2 1 0], L_0x5a70f32eb380, L_0x5a70f32eb0d0, L_0x5a70f32eaed0;
L_0x5a70f32ee0a0 .concat [ 101 35 0 0], LS_0x5a70f32ee0a0_0_0, LS_0x5a70f32ee0a0_0_4;
L_0x5a70f32ee280 .part v0x5a70f32c7180_0, 135, 1;
L_0x5a70f32ee4e0 .part v0x5a70f32c7180_0, 133, 2;
L_0x5a70f32ee620 .part v0x5a70f32c7180_0, 101, 32;
L_0x5a70f32ee8e0 .part v0x5a70f32c7180_0, 69, 32;
L_0x5a70f32ee9d0 .part v0x5a70f32c7180_0, 64, 5;
L_0x5a70f32eec50 .part v0x5a70f32c7180_0, 32, 32;
L_0x5a70f32eecf0 .part v0x5a70f32c7180_0, 0, 32;
L_0x5a70f32efe50 .part L_0x5a70f32e8690, 0, 1;
S_0x5a70f32bf2a0 .scope module, "auipc_lui_mux" "mux2" 12 132, 13 2 0, S_0x5a70f32bf050;
 .timescale 0 0;
    .port_info 0 /INPUT 32 "d0";
    .port_info 1 /INPUT 32 "d1";
    .port_info 2 /INPUT 1 "sel";
    .port_info 3 /OUTPUT 32 "y";
P_0x5a70f32bf480 .param/l "WIDTH" 0 13 2, +C4<00000000000000000000000000100000>;
v0x5a70f32bf610_0 .net "d0", 31 0, L_0x5a70f32ea340;  alias, 1 drivers
v0x5a70f32bf710_0 .net "d1", 31 0, L_0x5a70f32e97a0;  alias, 1 drivers
v0x5a70f32bf7f0_0 .net "sel", 0 0, L_0x5a70f32e8ce0;  alias, 1 drivers
v0x5a70f32bf8c0_0 .net "y", 31 0, L_0x5a70f32eac00;  alias, 1 drivers
L_0x5a70f32eac00 .functor MUXZ 32, L_0x5a70f32ea340, L_0x5a70f32e97a0, L_0x5a70f32e8ce0, C4<>;
S_0x5a70f32bfa50 .scope module, "ex_mem_reg" "flopenrc" 12 143, 14 11 0, S_0x5a70f32bf050;
 .timescale 0 0;
    .port_info 0 /INPUT 1 "clk";
    .port_info 1 /INPUT 1 "reset";
    .port_info 2 /INPUT 1 "en";
    .port_info 3 /INPUT 1 "clear";
    .port_info 4 /INPUT 140 "d";
    .port_info 5 /OUTPUT 140 "q";
P_0x5a70f32bfc50 .param/l "WIDTH" 0 14 11, +C4<00000000000000000000000010001100>;
L_0x7d06b2a4f2e8 .functor BUFT 1, C4<0>, C4<0>, C4<0>, C4<0>;
v0x5a70f32bfdf0_0 .net "clear", 0 0, L_0x7d06b2a4f2e8;  1 drivers
v0x5a70f32bfed0_0 .net "clk", 0 0, v0x5a70f32d47b0_0;  alias, 1 drivers
v0x5a70f32bffc0_0 .net "d", 139 0, L_0x5a70f32eacf0;  1 drivers
L_0x7d06b2a4f2a0 .functor BUFT 1, C4<1>, C4<0>, C4<0>, C4<0>;
v0x5a70f32c0090_0 .net "en", 0 0, L_0x7d06b2a4f2a0;  1 drivers
v0x5a70f32c0130_0 .var "q", 139 0;
v0x5a70f32c0260_0 .net "reset", 0 0, v0x5a70f32d52c0_0;  alias, 1 drivers
E_0x5a70f32bfd90 .event posedge, v0x5a70f32c0260_0, v0x5a70f32bb510_0;
S_0x5a70f32c0420 .scope module, "ext" "imm_extend" 12 84, 15 5 0, S_0x5a70f32bf050;
 .timescale 0 0;
    .port_info 0 /INPUT 25 "instr_d";
    .port_info 1 /INPUT 3 "imm_src_d";
    .port_info 2 /OUTPUT 32 "imm_ext_d";
v0x5a70f32c0690_0 .var "imm_ext_d", 31 0;
v0x5a70f32c0790_0 .net "imm_src_d", 2 0, L_0x5a70f32d57f0;  alias, 1 drivers
v0x5a70f32c08a0_0 .net "instr_d", 31 7, L_0x5a70f32e8080;  1 drivers
E_0x5a70f32ae800 .event edge, v0x5a70f32bdfb0_0, v0x5a70f32c08a0_0;
S_0x5a70f32c09e0 .scope module, "fwd_a_mux" "mux3" 12 115, 16 4 0, S_0x5a70f32bf050;
 .timescale 0 0;
    .port_info 0 /INPUT 32 "d0";
    .port_info 1 /INPUT 32 "d1";
    .port_info 2 /INPUT 32 "d2";
    .port_info 3 /INPUT 2 "sel";
    .port_info 4 /OUTPUT 32 "y";
P_0x5a70f32c0bc0 .param/l "WIDTH" 0 16 4, +C4<00000000000000000000000000100000>;
v0x5a70f32c0d40_0 .net *"_ivl_1", 0 0, L_0x5a70f32e99d0;  1 drivers
v0x5a70f32c0e20_0 .net *"_ivl_3", 0 0, L_0x5a70f32e9a70;  1 drivers
v0x5a70f32c0f00_0 .net *"_ivl_4", 31 0, L_0x5a70f32e9b10;  1 drivers
v0x5a70f32c0ff0_0 .net "d0", 31 0, L_0x5a70f32e8c40;  alias, 1 drivers
v0x5a70f32c10d0_0 .net "d1", 31 0, L_0x5a70f32ef3d0;  alias, 1 drivers
v0x5a70f32c1200_0 .net "d2", 31 0, L_0x5a70f32eb380;  alias, 1 drivers
v0x5a70f32c12e0_0 .net "sel", 1 0, v0x5a70f32c2980_0;  alias, 1 drivers
v0x5a70f32c13c0_0 .net "y", 31 0, L_0x5a70f32e9bb0;  alias, 1 drivers
L_0x5a70f32e99d0 .part v0x5a70f32c2980_0, 1, 1;
L_0x5a70f32e9a70 .part v0x5a70f32c2980_0, 0, 1;
L_0x5a70f32e9b10 .functor MUXZ 32, L_0x5a70f32e8c40, L_0x5a70f32ef3d0, L_0x5a70f32e9a70, C4<>;
L_0x5a70f32e9bb0 .functor MUXZ 32, L_0x5a70f32e9b10, L_0x5a70f32eb380, L_0x5a70f32e99d0, C4<>;
S_0x5a70f32c1540 .scope module, "fwd_b_mux" "mux3" 12 116, 16 4 0, S_0x5a70f32bf050;
 .timescale 0 0;
    .port_info 0 /INPUT 32 "d0";
    .port_info 1 /INPUT 32 "d1";
    .port_info 2 /INPUT 32 "d2";
    .port_info 3 /INPUT 2 "sel";
    .port_info 4 /OUTPUT 32 "y";
P_0x5a70f32c1770 .param/l "WIDTH" 0 16 4, +C4<00000000000000000000000000100000>;
v0x5a70f32c1890_0 .net *"_ivl_1", 0 0, L_0x5a70f32e9ca0;  1 drivers
v0x5a70f32c1990_0 .net *"_ivl_3", 0 0, L_0x5a70f32e9d40;  1 drivers
v0x5a70f32c1a70_0 .net *"_ivl_4", 31 0, L_0x5a70f32e9e70;  1 drivers
v0x5a70f32c1b60_0 .net "d0", 31 0, L_0x5a70f32e9080;  alias, 1 drivers
v0x5a70f32c1c40_0 .net "d1", 31 0, L_0x5a70f32ef3d0;  alias, 1 drivers
v0x5a70f32c1d50_0 .net "d2", 31 0, L_0x5a70f32eb380;  alias, 1 drivers
v0x5a70f32c1e20_0 .net "sel", 1 0, v0x5a70f32c2ad0_0;  alias, 1 drivers
v0x5a70f32c1ee0_0 .net "y", 31 0, L_0x5a70f32e9f10;  alias, 1 drivers
L_0x5a70f32e9ca0 .part v0x5a70f32c2ad0_0, 1, 1;
L_0x5a70f32e9d40 .part v0x5a70f32c2ad0_0, 0, 1;
L_0x5a70f32e9e70 .functor MUXZ 32, L_0x5a70f32e9080, L_0x5a70f32ef3d0, L_0x5a70f32e9d40, C4<>;
L_0x5a70f32e9f10 .functor MUXZ 32, L_0x5a70f32e9e70, L_0x5a70f32eb380, L_0x5a70f32e9ca0, C4<>;
S_0x5a70f32c2090 .scope module, "hu" "hazard_unit" 12 196, 17 13 0, S_0x5a70f32bf050;
 .timescale 0 0;
    .port_info 0 /INPUT 5 "rs1_d";
    .port_info 1 /INPUT 5 "rs2_d";
    .port_info 2 /INPUT 5 "rs1_e";
    .port_info 3 /INPUT 5 "rs2_e";
    .port_info 4 /INPUT 5 "rd_e";
    .port_info 5 /INPUT 5 "rd_m";
    .port_info 6 /INPUT 5 "rd_w";
    .port_info 7 /INPUT 1 "reg_write_m";
    .port_info 8 /INPUT 1 "reg_write_w";
    .port_info 9 /INPUT 1 "result_src_e0";
    .port_info 10 /INPUT 1 "pc_src_e";
    .port_info 11 /OUTPUT 2 "forward_ae";
    .port_info 12 /OUTPUT 2 "forward_be";
    .port_info 13 /OUTPUT 1 "stall_f";
    .port_info 14 /OUTPUT 1 "stall_d";
    .port_info 15 /OUTPUT 1 "flush_d";
    .port_info 16 /OUTPUT 1 "flush_e";
L_0x5a70f32ef6d0 .functor AND 1, L_0x5a70f32efe50, L_0x5a70f32ef5a0, C4<1>, C4<1>;
L_0x5a70f32ef9e0 .functor OR 1, L_0x5a70f32ef790, L_0x5a70f32ef830, C4<0>, C4<0>;
L_0x5a70f32efaf0 .functor AND 1, L_0x5a70f32ef6d0, L_0x5a70f32ef9e0, C4<1>, C4<1>;
L_0x5a70f32efc00 .functor BUFZ 1, L_0x5a70f32efaf0, C4<0>, C4<0>, C4<0>;
L_0x5a70f32efcc0 .functor BUFZ 1, L_0x5a70f32efaf0, C4<0>, C4<0>, C4<0>;
L_0x5a70f32efd30 .functor BUFZ 1, L_0x5a70f32eaac0, C4<0>, C4<0>, C4<0>;
L_0x5a70f32efde0 .functor OR 1, L_0x5a70f32efaf0, L_0x5a70f32eaac0, C4<0>, C4<0>;
L_0x7d06b2a4f600 .functor BUFT 1, C4<00000>, C4<0>, C4<0>, C4<0>;
v0x5a70f32c2310_0 .net/2u *"_ivl_0", 4 0, L_0x7d06b2a4f600;  1 drivers
v0x5a70f32c2410_0 .net *"_ivl_11", 0 0, L_0x5a70f32ef9e0;  1 drivers
v0x5a70f32c24d0_0 .net *"_ivl_2", 0 0, L_0x5a70f32ef5a0;  1 drivers
v0x5a70f32c2570_0 .net *"_ivl_5", 0 0, L_0x5a70f32ef6d0;  1 drivers
v0x5a70f32c2630_0 .net *"_ivl_6", 0 0, L_0x5a70f32ef790;  1 drivers
v0x5a70f32c2740_0 .net *"_ivl_8", 0 0, L_0x5a70f32ef830;  1 drivers
v0x5a70f32c2800_0 .net "flush_d", 0 0, L_0x5a70f32efd30;  alias, 1 drivers
v0x5a70f32c28c0_0 .net "flush_e", 0 0, L_0x5a70f32efde0;  alias, 1 drivers
v0x5a70f32c2980_0 .var "forward_ae", 1 0;
v0x5a70f32c2ad0_0 .var "forward_be", 1 0;
v0x5a70f32c2ba0_0 .net "lw_stall", 0 0, L_0x5a70f32efaf0;  1 drivers
v0x5a70f32c2c40_0 .net "pc_src_e", 0 0, L_0x5a70f32eaac0;  alias, 1 drivers
v0x5a70f32c2d00_0 .net "rd_e", 4 0, L_0x5a70f32e95d0;  alias, 1 drivers
v0x5a70f32c2de0_0 .net "rd_m", 4 0, L_0x5a70f32eb260;  alias, 1 drivers
v0x5a70f32c2ec0_0 .net "rd_w", 4 0, L_0x5a70f32ee9d0;  alias, 1 drivers
v0x5a70f32c2fa0_0 .net "reg_write_m", 0 0, L_0x5a70f32eaed0;  alias, 1 drivers
v0x5a70f32c3060_0 .net "reg_write_w", 0 0, L_0x5a70f32ee280;  alias, 1 drivers
v0x5a70f32c3230_0 .net "result_src_e0", 0 0, L_0x5a70f32efe50;  1 drivers
v0x5a70f32c32f0_0 .net "rs1_d", 4 0, L_0x5a70f32e6a40;  alias, 1 drivers
v0x5a70f32c33d0_0 .net "rs1_e", 4 0, L_0x5a70f32e9320;  alias, 1 drivers
v0x5a70f32c34b0_0 .net "rs2_d", 4 0, L_0x5a70f32e6ae0;  alias, 1 drivers
v0x5a70f32c3590_0 .net "rs2_e", 4 0, L_0x5a70f32e94e0;  alias, 1 drivers
v0x5a70f32c3670_0 .net "stall_d", 0 0, L_0x5a70f32efcc0;  alias, 1 drivers
v0x5a70f32c3730_0 .net "stall_f", 0 0, L_0x5a70f32efc00;  alias, 1 drivers
E_0x5a70f32c2270/0 .event edge, v0x5a70f32c33d0_0, v0x5a70f32c2de0_0, v0x5a70f32c2fa0_0, v0x5a70f32c2ec0_0;
E_0x5a70f32c2270/1 .event edge, v0x5a70f32c3060_0, v0x5a70f32c3590_0;
E_0x5a70f32c2270 .event/or E_0x5a70f32c2270/0, E_0x5a70f32c2270/1;
L_0x5a70f32ef5a0 .cmp/ne 5, L_0x5a70f32e95d0, L_0x7d06b2a4f600;
L_0x5a70f32ef790 .cmp/eq 5, L_0x5a70f32e95d0, L_0x5a70f32e6a40;
L_0x5a70f32ef830 .cmp/eq 5, L_0x5a70f32e95d0, L_0x5a70f32e6ae0;
S_0x5a70f32c3a10 .scope module, "id_ex_reg" "flopenrc" 12 97, 14 11 0, S_0x5a70f32bf050;
 .timescale 0 0;
    .port_info 0 /INPUT 1 "clk";
    .port_info 1 /INPUT 1 "reset";
    .port_info 2 /INPUT 1 "en";
    .port_info 3 /INPUT 1 "clear";
    .port_info 4 /INPUT 190 "d";
    .port_info 5 /OUTPUT 190 "q";
P_0x5a70f32c3ba0 .param/l "WIDTH" 0 14 11, +C4<00000000000000000000000010111110>;
v0x5a70f32c3d50_0 .net "clear", 0 0, L_0x5a70f32efde0;  alias, 1 drivers
v0x5a70f32c3e40_0 .net "clk", 0 0, v0x5a70f32d47b0_0;  alias, 1 drivers
v0x5a70f32c3f30_0 .net "d", 189 0, L_0x5a70f32e8220;  1 drivers
L_0x7d06b2a4f210 .functor BUFT 1, C4<1>, C4<0>, C4<0>, C4<0>;
v0x5a70f32c3fd0_0 .net "en", 0 0, L_0x7d06b2a4f210;  1 drivers
v0x5a70f32c4090_0 .var "q", 189 0;
v0x5a70f32c41c0_0 .net "reset", 0 0, v0x5a70f32d52c0_0;  alias, 1 drivers
S_0x5a70f32c4340 .scope module, "if_id_reg" "flopenrc" 12 59, 14 11 0, S_0x5a70f32bf050;
 .timescale 0 0;
    .port_info 0 /INPUT 1 "clk";
    .port_info 1 /INPUT 1 "reset";
    .port_info 2 /INPUT 1 "en";
    .port_info 3 /INPUT 1 "clear";
    .port_info 4 /INPUT 96 "d";
    .port_info 5 /OUTPUT 96 "q";
P_0x5a70f32c4520 .param/l "WIDTH" 0 14 11, +C4<00000000000000000000000001100000>;
v0x5a70f32c4690_0 .net "clear", 0 0, L_0x5a70f32efd30;  alias, 1 drivers
v0x5a70f32c4780_0 .net "clk", 0 0, v0x5a70f32d47b0_0;  alias, 1 drivers
v0x5a70f32c4820_0 .net "d", 95 0, L_0x5a70f32e6680;  1 drivers
v0x5a70f32c48f0_0 .net "en", 0 0, L_0x5a70f32e65f0;  1 drivers
v0x5a70f32c49b0_0 .var "q", 95 0;
v0x5a70f32c4ae0_0 .net "reset", 0 0, v0x5a70f32d52c0_0;  alias, 1 drivers
S_0x5a70f32c4cd0 .scope module, "jump_target_mux" "mux2" 12 128, 13 2 0, S_0x5a70f32bf050;
 .timescale 0 0;
    .port_info 0 /INPUT 32 "d0";
    .port_info 1 /INPUT 32 "d1";
    .port_info 2 /INPUT 1 "sel";
    .port_info 3 /OUTPUT 32 "y";
P_0x5a70f32c1720 .param/l "WIDTH" 0 13 2, +C4<00000000000000000000000000100000>;
v0x5a70f32c4f90_0 .net "d0", 31 0, L_0x5a70f32ea340;  alias, 1 drivers
v0x5a70f32c50a0_0 .net "d1", 31 0, v0x5a70f32cc730_0;  alias, 1 drivers
v0x5a70f32c5160_0 .net "sel", 0 0, L_0x5a70f32e8620;  alias, 1 drivers
v0x5a70f32c5230_0 .net "y", 31 0, L_0x5a70f32ea500;  alias, 1 drivers
L_0x5a70f32ea500 .functor MUXZ 32, L_0x5a70f32ea340, v0x5a70f32cc730_0, L_0x5a70f32e8620, C4<>;
S_0x5a70f32c53c0 .scope module, "load_extend_mux" "mux8" 12 159, 18 3 0, S_0x5a70f32bf050;
 .timescale 0 0;
    .port_info 0 /INPUT 32 "d0";
    .port_info 1 /INPUT 32 "d1";
    .port_info 2 /INPUT 32 "d2";
    .port_info 3 /INPUT 32 "d3";
    .port_info 4 /INPUT 32 "d4";
    .port_info 5 /INPUT 3 "sel";
    .port_info 6 /OUTPUT 32 "y";
P_0x5a70f32c55a0 .param/l "WIDTH" 0 18 3, +C4<00000000000000000000000000100000>;
L_0x7d06b2a4f330 .functor BUFT 1, C4<000>, C4<0>, C4<0>, C4<0>;
v0x5a70f32c5640_0 .net/2u *"_ivl_0", 2 0, L_0x7d06b2a4f330;  1 drivers
v0x5a70f32c5740_0 .net *"_ivl_10", 0 0, L_0x5a70f32ebe00;  1 drivers
L_0x7d06b2a4f408 .functor BUFT 1, C4<100>, C4<0>, C4<0>, C4<0>;
v0x5a70f32c5800_0 .net/2u *"_ivl_12", 2 0, L_0x7d06b2a4f408;  1 drivers
v0x5a70f32c58f0_0 .net *"_ivl_14", 0 0, L_0x5a70f32ebef0;  1 drivers
L_0x7d06b2a4f450 .functor BUFT 1, C4<101>, C4<0>, C4<0>, C4<0>;
v0x5a70f32c59b0_0 .net/2u *"_ivl_16", 2 0, L_0x7d06b2a4f450;  1 drivers
v0x5a70f32c5ae0_0 .net *"_ivl_18", 0 0, L_0x5a70f32ebfe0;  1 drivers
v0x5a70f32c5ba0_0 .net *"_ivl_2", 0 0, L_0x5a70f32ebc70;  1 drivers
L_0x7d06b2a4f498 .functor BUFT 1, C4<00000000000000000000000000000000>, C4<0>, C4<0>, C4<0>;
v0x5a70f32c5c60_0 .net/2u *"_ivl_20", 31 0, L_0x7d06b2a4f498;  1 drivers
v0x5a70f32c5d40_0 .net *"_ivl_22", 31 0, L_0x5a70f32ec0d0;  1 drivers
v0x5a70f32c5e20_0 .net *"_ivl_24", 31 0, L_0x5a70f32ec250;  1 drivers
v0x5a70f32c5f00_0 .net *"_ivl_26", 31 0, L_0x5a70f32ec390;  1 drivers
v0x5a70f32c5fe0_0 .net *"_ivl_28", 31 0, L_0x5a70f32ec520;  1 drivers
L_0x7d06b2a4f378 .functor BUFT 1, C4<001>, C4<0>, C4<0>, C4<0>;
v0x5a70f32c60c0_0 .net/2u *"_ivl_4", 2 0, L_0x7d06b2a4f378;  1 drivers
v0x5a70f32c61a0_0 .net *"_ivl_6", 0 0, L_0x5a70f32ebd60;  1 drivers
L_0x7d06b2a4f3c0 .functor BUFT 1, C4<010>, C4<0>, C4<0>, C4<0>;
v0x5a70f32c6260_0 .net/2u *"_ivl_8", 2 0, L_0x7d06b2a4f3c0;  1 drivers
v0x5a70f32c6340_0 .net "d0", 31 0, L_0x5a70f32ecca0;  1 drivers
v0x5a70f32c6420_0 .net "d1", 31 0, L_0x5a70f32ed620;  1 drivers
v0x5a70f32c6610_0 .net "d2", 31 0, L_0x5a70f32f02d0;  alias, 1 drivers
v0x5a70f32c66d0_0 .net "d3", 31 0, L_0x5a70f32ed990;  1 drivers
v0x5a70f32c6790_0 .net "d4", 31 0, L_0x5a70f32edd60;  1 drivers
v0x5a70f32c6870_0 .net "sel", 2 0, L_0x5a70f32eb900;  alias, 1 drivers
v0x5a70f32c6950_0 .net "y", 31 0, L_0x5a70f32ec660;  alias, 1 drivers
L_0x5a70f32ebc70 .cmp/eq 3, L_0x5a70f32eb900, L_0x7d06b2a4f330;
L_0x5a70f32ebd60 .cmp/eq 3, L_0x5a70f32eb900, L_0x7d06b2a4f378;
L_0x5a70f32ebe00 .cmp/eq 3, L_0x5a70f32eb900, L_0x7d06b2a4f3c0;
L_0x5a70f32ebef0 .cmp/eq 3, L_0x5a70f32eb900, L_0x7d06b2a4f408;
L_0x5a70f32ebfe0 .cmp/eq 3, L_0x5a70f32eb900, L_0x7d06b2a4f450;
L_0x5a70f32ec0d0 .functor MUXZ 32, L_0x7d06b2a4f498, L_0x5a70f32edd60, L_0x5a70f32ebfe0, C4<>;
L_0x5a70f32ec250 .functor MUXZ 32, L_0x5a70f32ec0d0, L_0x5a70f32ed990, L_0x5a70f32ebef0, C4<>;
L_0x5a70f32ec390 .functor MUXZ 32, L_0x5a70f32ec250, L_0x5a70f32f02d0, L_0x5a70f32ebe00, C4<>;
L_0x5a70f32ec520 .functor MUXZ 32, L_0x5a70f32ec390, L_0x5a70f32ed620, L_0x5a70f32ebd60, C4<>;
L_0x5a70f32ec660 .functor MUXZ 32, L_0x5a70f32ec520, L_0x5a70f32ecca0, L_0x5a70f32ebc70, C4<>;
S_0x5a70f32c6b50 .scope module, "mem_wb_reg" "flopenrc" 12 177, 14 11 0, S_0x5a70f32bf050;
 .timescale 0 0;
    .port_info 0 /INPUT 1 "clk";
    .port_info 1 /INPUT 1 "reset";
    .port_info 2 /INPUT 1 "en";
    .port_info 3 /INPUT 1 "clear";
    .port_info 4 /INPUT 136 "d";
    .port_info 5 /OUTPUT 136 "q";
P_0x5a70f32c6ce0 .param/l "WIDTH" 0 14 11, +C4<00000000000000000000000010001000>;
L_0x7d06b2a4f5b8 .functor BUFT 1, C4<0>, C4<0>, C4<0>, C4<0>;
v0x5a70f32c6e50_0 .net "clear", 0 0, L_0x7d06b2a4f5b8;  1 drivers
v0x5a70f32c6f30_0 .net "clk", 0 0, v0x5a70f32d47b0_0;  alias, 1 drivers
v0x5a70f32c6ff0_0 .net "d", 135 0, L_0x5a70f32ee0a0;  1 drivers
L_0x7d06b2a4f570 .functor BUFT 1, C4<1>, C4<0>, C4<0>, C4<0>;
v0x5a70f32c70c0_0 .net "en", 0 0, L_0x7d06b2a4f570;  1 drivers
v0x5a70f32c7180_0 .var "q", 135 0;
v0x5a70f32c7260_0 .net "reset", 0 0, v0x5a70f32d52c0_0;  alias, 1 drivers
S_0x5a70f32c7400 .scope module, "pc_add4" "adder" 12 49, 19 4 0, S_0x5a70f32bf050;
 .timescale 0 0;
    .port_info 0 /INPUT 32 "a";
    .port_info 1 /INPUT 32 "b";
    .port_info 2 /OUTPUT 32 "y";
P_0x5a70f32c75e0 .param/l "WIDTH" 0 19 4, +C4<00000000000000000000000000100000>;
v0x5a70f32c7780_0 .net "a", 31 0, v0x5a70f32c8740_0;  alias, 1 drivers
L_0x7d06b2a4f018 .functor BUFT 1, C4<00000000000000000000000000000100>, C4<0>, C4<0>, C4<0>;
v0x5a70f32c7890_0 .net "b", 31 0, L_0x7d06b2a4f018;  1 drivers
v0x5a70f32c7950_0 .net "y", 31 0, L_0x5a70f32d6390;  alias, 1 drivers
L_0x5a70f32d6390 .arith/sum 32, v0x5a70f32c8740_0, L_0x7d06b2a4f018;
S_0x5a70f32c7ac0 .scope module, "pc_mux" "mux2" 12 50, 13 2 0, S_0x5a70f32bf050;
 .timescale 0 0;
    .port_info 0 /INPUT 32 "d0";
    .port_info 1 /INPUT 32 "d1";
    .port_info 2 /INPUT 1 "sel";
    .port_info 3 /OUTPUT 32 "y";
P_0x5a70f32c7ca0 .param/l "WIDTH" 0 13 2, +C4<00000000000000000000000000100000>;
v0x5a70f32c7da0_0 .net "d0", 31 0, L_0x5a70f32d6390;  alias, 1 drivers
v0x5a70f32c7e90_0 .net "d1", 31 0, L_0x5a70f32ea500;  alias, 1 drivers
v0x5a70f32c7f60_0 .net "sel", 0 0, L_0x5a70f32eaac0;  alias, 1 drivers
v0x5a70f32c8060_0 .net "y", 31 0, L_0x5a70f32e6460;  alias, 1 drivers
L_0x5a70f32e6460 .functor MUXZ 32, L_0x5a70f32d6390, L_0x5a70f32ea500, L_0x5a70f32eaac0, C4<>;
S_0x5a70f32c8190 .scope module, "pc_reg" "flopenr" 12 51, 20 4 0, S_0x5a70f32bf050;
 .timescale 0 0;
    .port_info 0 /INPUT 1 "clk";
    .port_info 1 /INPUT 1 "reset";
    .port_info 2 /INPUT 1 "en";
    .port_info 3 /INPUT 32 "d";
    .port_info 4 /OUTPUT 32 "q";
P_0x5a70f32c8370 .param/l "WIDTH" 0 20 4, +C4<00000000000000000000000000100000>;
v0x5a70f32c84c0_0 .net "clk", 0 0, v0x5a70f32d47b0_0;  alias, 1 drivers
v0x5a70f32c8580_0 .net "d", 31 0, L_0x5a70f32e6460;  alias, 1 drivers
v0x5a70f32c8670_0 .net "en", 0 0, L_0x5a70f32ade80;  1 drivers
v0x5a70f32c8740_0 .var "q", 31 0;
v0x5a70f32c8830_0 .net "reset", 0 0, v0x5a70f32d52c0_0;  alias, 1 drivers
S_0x5a70f32c89c0 .scope module, "pc_target_add" "adder" 12 122, 19 4 0, S_0x5a70f32bf050;
 .timescale 0 0;
    .port_info 0 /INPUT 32 "a";
    .port_info 1 /INPUT 32 "b";
    .port_info 2 /OUTPUT 32 "y";
P_0x5a70f32c8b50 .param/l "WIDTH" 0 19 4, +C4<00000000000000000000000000100000>;
v0x5a70f32c8cf0_0 .net "a", 31 0, L_0x5a70f32e9230;  alias, 1 drivers
v0x5a70f32c8df0_0 .net "b", 31 0, L_0x5a70f32e97a0;  alias, 1 drivers
v0x5a70f32c8eb0_0 .net "y", 31 0, L_0x5a70f32ea340;  alias, 1 drivers
L_0x5a70f32ea340 .arith/sum 32, L_0x5a70f32e9230, L_0x5a70f32e97a0;
S_0x5a70f32c9030 .scope module, "result_mux" "mux4" 12 188, 21 3 0, S_0x5a70f32bf050;
 .timescale 0 0;
    .port_info 0 /INPUT 32 "d0";
    .port_info 1 /INPUT 32 "d1";
    .port_info 2 /INPUT 32 "d2";
    .port_info 3 /INPUT 32 "d3";
    .port_info 4 /INPUT 2 "sel";
    .port_info 5 /OUTPUT 32 "y";
P_0x5a70f32c9210 .param/l "WIDTH" 0 21 3, +C4<00000000000000000000000000100000>;
v0x5a70f32c9350_0 .net *"_ivl_1", 0 0, L_0x5a70f32eefd0;  1 drivers
v0x5a70f32c9430_0 .net *"_ivl_3", 0 0, L_0x5a70f32ef070;  1 drivers
v0x5a70f32c9510_0 .net *"_ivl_4", 31 0, L_0x5a70f32ef1a0;  1 drivers
v0x5a70f32c9600_0 .net *"_ivl_7", 0 0, L_0x5a70f32ef240;  1 drivers
v0x5a70f32c96e0_0 .net *"_ivl_8", 31 0, L_0x5a70f32ef2e0;  1 drivers
v0x5a70f32c9810_0 .net "d0", 31 0, L_0x5a70f32ee620;  alias, 1 drivers
v0x5a70f32c98f0_0 .net "d1", 31 0, L_0x5a70f32ee8e0;  alias, 1 drivers
v0x5a70f32c99d0_0 .net "d2", 31 0, L_0x5a70f32eec50;  alias, 1 drivers
v0x5a70f32c9ab0_0 .net "d3", 31 0, L_0x5a70f32eecf0;  alias, 1 drivers
v0x5a70f32c9b90_0 .net "sel", 1 0, L_0x5a70f32ee4e0;  alias, 1 drivers
v0x5a70f32c9c70_0 .net "y", 31 0, L_0x5a70f32ef3d0;  alias, 1 drivers
L_0x5a70f32eefd0 .part L_0x5a70f32ee4e0, 1, 1;
L_0x5a70f32ef070 .part L_0x5a70f32ee4e0, 0, 1;
L_0x5a70f32ef1a0 .functor MUXZ 32, L_0x5a70f32eec50, L_0x5a70f32eecf0, L_0x5a70f32ef070, C4<>;
L_0x5a70f32ef240 .part L_0x5a70f32ee4e0, 0, 1;
L_0x5a70f32ef2e0 .functor MUXZ 32, L_0x5a70f32ee620, L_0x5a70f32ee8e0, L_0x5a70f32ef240, C4<>;
L_0x5a70f32ef3d0 .functor MUXZ 32, L_0x5a70f32ef2e0, L_0x5a70f32ef1a0, L_0x5a70f32eefd0, C4<>;
S_0x5a70f32c9e30 .scope module, "rf" "reg_file" 12 77, 22 14 0, S_0x5a70f32bf050;
 .timescale 0 0;
    .port_info 0 /INPUT 1 "clk";
    .port_info 1 /INPUT 1 "write_en_w";
    .port_info 2 /INPUT 5 "rs1_addr_d";
    .port_info 3 /INPUT 5 "rs2_addr_d";
    .port_info 4 /INPUT 5 "rd_addr_w";
    .port_info 5 /INPUT 32 "write_data_w";
    .port_info 6 /OUTPUT 32 "rd1_d";
    .port_info 7 /OUTPUT 32 "rd2_d";
P_0x5a70f32ca120 .param/l "DATA_WIDTH" 0 22 14, +C4<00000000000000000000000000100000>;
L_0x5a70f32e7090 .functor AND 1, L_0x5a70f32ee280, L_0x5a70f32e6fc0, C4<1>, C4<1>;
L_0x5a70f32e7a50 .functor AND 1, L_0x5a70f32ee280, L_0x5a70f32e78d0, C4<1>, C4<1>;
L_0x7d06b2a4f060 .functor BUFT 1, C4<00000>, C4<0>, C4<0>, C4<0>;
v0x5a70f32ca210_0 .net/2u *"_ivl_0", 4 0, L_0x7d06b2a4f060;  1 drivers
v0x5a70f32ca310_0 .net *"_ivl_10", 31 0, L_0x5a70f32e7130;  1 drivers
v0x5a70f32ca3f0_0 .net *"_ivl_12", 6 0, L_0x5a70f32e7200;  1 drivers
L_0x7d06b2a4f0f0 .functor BUFT 1, C4<00>, C4<0>, C4<0>, C4<0>;
v0x5a70f32ca4b0_0 .net *"_ivl_15", 1 0, L_0x7d06b2a4f0f0;  1 drivers
v0x5a70f32ca590_0 .net *"_ivl_16", 31 0, L_0x5a70f32e7370;  1 drivers
v0x5a70f32ca6c0_0 .net *"_ivl_2", 0 0, L_0x5a70f32e6ec0;  1 drivers
L_0x7d06b2a4f138 .functor BUFT 1, C4<00000>, C4<0>, C4<0>, C4<0>;
v0x5a70f32ca780_0 .net/2u *"_ivl_20", 4 0, L_0x7d06b2a4f138;  1 drivers
v0x5a70f32ca860_0 .net *"_ivl_22", 0 0, L_0x5a70f32e7830;  1 drivers
L_0x7d06b2a4f180 .functor BUFT 1, C4<00000000000000000000000000000000>, C4<0>, C4<0>, C4<0>;
v0x5a70f32ca920_0 .net/2u *"_ivl_24", 31 0, L_0x7d06b2a4f180;  1 drivers
v0x5a70f32caa00_0 .net *"_ivl_26", 0 0, L_0x5a70f32e78d0;  1 drivers
v0x5a70f32caac0_0 .net *"_ivl_29", 0 0, L_0x5a70f32e7a50;  1 drivers
v0x5a70f32cab80_0 .net *"_ivl_30", 31 0, L_0x5a70f32e7b50;  1 drivers
v0x5a70f32cac60_0 .net *"_ivl_32", 6 0, L_0x5a70f32e7bf0;  1 drivers
L_0x7d06b2a4f1c8 .functor BUFT 1, C4<00>, C4<0>, C4<0>, C4<0>;
v0x5a70f32cad40_0 .net *"_ivl_35", 1 0, L_0x7d06b2a4f1c8;  1 drivers
v0x5a70f32cae20_0 .net *"_ivl_36", 31 0, L_0x5a70f32e7cf0;  1 drivers
L_0x7d06b2a4f0a8 .functor BUFT 1, C4<00000000000000000000000000000000>, C4<0>, C4<0>, C4<0>;
v0x5a70f32caf00_0 .net/2u *"_ivl_4", 31 0, L_0x7d06b2a4f0a8;  1 drivers
v0x5a70f32cafe0_0 .net *"_ivl_6", 0 0, L_0x5a70f32e6fc0;  1 drivers
v0x5a70f32cb1b0_0 .net *"_ivl_9", 0 0, L_0x5a70f32e7090;  1 drivers
v0x5a70f32cb270_0 .net "clk", 0 0, v0x5a70f32d47b0_0;  alias, 1 drivers
v0x5a70f32cb310_0 .var/i "i", 31 0;
v0x5a70f32cb3f0_0 .net "rd1_d", 31 0, L_0x5a70f32e75c0;  alias, 1 drivers
v0x5a70f32cb4d0_0 .net "rd2_d", 31 0, L_0x5a70f32e7e30;  alias, 1 drivers
v0x5a70f32cb5b0_0 .net "rd_addr_w", 4 0, L_0x5a70f32ee9d0;  alias, 1 drivers
v0x5a70f32cb670 .array "regs", 31 0, 31 0;
v0x5a70f32cb710_0 .net "rs1_addr_d", 4 0, L_0x5a70f32e6a40;  alias, 1 drivers
v0x5a70f32cb800_0 .net "rs2_addr_d", 4 0, L_0x5a70f32e6ae0;  alias, 1 drivers
v0x5a70f32cb8d0_0 .net "write_data_w", 31 0, L_0x5a70f32ef3d0;  alias, 1 drivers
v0x5a70f32cb970_0 .net "write_en_w", 0 0, L_0x5a70f32ee280;  alias, 1 drivers
L_0x5a70f32e6ec0 .cmp/eq 5, L_0x5a70f32e6a40, L_0x7d06b2a4f060;
L_0x5a70f32e6fc0 .cmp/eq 5, L_0x5a70f32e6a40, L_0x5a70f32ee9d0;
L_0x5a70f32e7130 .array/port v0x5a70f32cb670, L_0x5a70f32e7200;
L_0x5a70f32e7200 .concat [ 5 2 0 0], L_0x5a70f32e6a40, L_0x7d06b2a4f0f0;
L_0x5a70f32e7370 .functor MUXZ 32, L_0x5a70f32e7130, L_0x5a70f32ef3d0, L_0x5a70f32e7090, C4<>;
L_0x5a70f32e75c0 .functor MUXZ 32, L_0x5a70f32e7370, L_0x7d06b2a4f0a8, L_0x5a70f32e6ec0, C4<>;
L_0x5a70f32e7830 .cmp/eq 5, L_0x5a70f32e6ae0, L_0x7d06b2a4f138;
L_0x5a70f32e78d0 .cmp/eq 5, L_0x5a70f32e6ae0, L_0x5a70f32ee9d0;
L_0x5a70f32e7b50 .array/port v0x5a70f32cb670, L_0x5a70f32e7bf0;
L_0x5a70f32e7bf0 .concat [ 5 2 0 0], L_0x5a70f32e6ae0, L_0x7d06b2a4f1c8;
L_0x5a70f32e7cf0 .functor MUXZ 32, L_0x5a70f32e7b50, L_0x5a70f32ef3d0, L_0x5a70f32e7a50, C4<>;
L_0x5a70f32e7e30 .functor MUXZ 32, L_0x5a70f32e7cf0, L_0x7d06b2a4f180, L_0x5a70f32e7830, C4<>;
S_0x5a70f32cbb20 .scope module, "src_b_mux" "mux2" 12 117, 13 2 0, S_0x5a70f32bf050;
 .timescale 0 0;
    .port_info 0 /INPUT 32 "d0";
    .port_info 1 /INPUT 32 "d1";
    .port_info 2 /INPUT 1 "sel";
    .port_info 3 /OUTPUT 32 "y";
P_0x5a70f32cbcb0 .param/l "WIDTH" 0 13 2, +C4<00000000000000000000000000100000>;
v0x5a70f32cbdb0_0 .net "d0", 31 0, L_0x5a70f32e9f10;  alias, 1 drivers
v0x5a70f32cbec0_0 .net "d1", 31 0, L_0x5a70f32e97a0;  alias, 1 drivers
v0x5a70f32cbfb0_0 .net "sel", 0 0, L_0x5a70f32e8b50;  alias, 1 drivers
v0x5a70f32cc050_0 .net "y", 31 0, L_0x5a70f32ea0e0;  alias, 1 drivers
L_0x5a70f32ea0e0 .functor MUXZ 32, L_0x5a70f32e9f10, L_0x5a70f32e97a0, L_0x5a70f32e8b50, C4<>;
S_0x5a70f32cc1e0 .scope module, "the_alu" "alu" 12 119, 23 6 0, S_0x5a70f32bf050;
 .timescale 0 0;
    .port_info 0 /INPUT 32 "src_a";
    .port_info 1 /INPUT 32 "src_b";
    .port_info 2 /INPUT 4 "alu_ctrl";
    .port_info 3 /OUTPUT 32 "alu_result";
    .port_info 4 /OUTPUT 1 "zero_flag";
P_0x5a70f32cc3c0 .param/l "WIDTH" 0 23 6, +C4<00000000000000000000000000100000>;
L_0x7d06b2a4f258 .functor BUFT 1, C4<00000000000000000000000000000000>, C4<0>, C4<0>, C4<0>;
v0x5a70f32cc550_0 .net/2u *"_ivl_0", 31 0, L_0x7d06b2a4f258;  1 drivers
v0x5a70f32cc650_0 .net "alu_ctrl", 3 0, L_0x5a70f32e8ab0;  alias, 1 drivers
v0x5a70f32cc730_0 .var "alu_result", 31 0;
v0x5a70f32cc830_0 .net "src_a", 31 0, L_0x5a70f32e9bb0;  alias, 1 drivers
v0x5a70f32cc900_0 .net "src_b", 31 0, L_0x5a70f32ea0e0;  alias, 1 drivers
v0x5a70f32cc9f0_0 .net "zero_flag", 0 0, L_0x5a70f32ea2a0;  alias, 1 drivers
E_0x5a70f32c3c70 .event edge, v0x5a70f32cc650_0, v0x5a70f32c13c0_0, v0x5a70f32cc050_0;
L_0x5a70f32ea2a0 .cmp/eq 32, v0x5a70f32cc730_0, L_0x7d06b2a4f258;
S_0x5a70f32d3e70 .scope task, "run_expect_checks" "run_expect_checks" 4 119, 4 119 0, S_0x5a70f328ad10;
 .timescale -9 -12;
v0x5a70f32d4050_0 .var/i "fd", 31 0;
v0x5a70f32d4130_0 .var/i "got", 31 0;
v0x5a70f32d4210_0 .var "line", 1023 0;
v0x5a70f32d4300_0 .var/i "passed", 31 0;
v0x5a70f32d43e0_0 .var/i "rnum", 31 0;
v0x5a70f32d4510_0 .var/i "rval", 31 0;
v0x5a70f32d45f0_0 .var/i "scan_ok", 31 0;
v0x5a70f32d46d0_0 .var/i "total", 31 0;
TD_riscv_cpu_tb.run_expect_checks ;
    %pushi/vec4 0, 0, 32;
    %store/vec4 v0x5a70f32d46d0_0, 0, 32;
    %pushi/vec4 0, 0, 32;
    %store/vec4 v0x5a70f32d4300_0, 0, 32;
    %vpi_func 4 130 "$fopen" 32, v0x5a70f32d4a40_0, "r" {0 0 0};
    %store/vec4 v0x5a70f32d4050_0, 0, 32;
    %load/vec4 v0x5a70f32d4050_0;
    %nor/r;
    %flag_set/vec4 8;
    %jmp/0xz  T_1.8, 8;
    %vpi_call/w 4 132 "$display", "[tb] WARNING: could not open expect file %0s", v0x5a70f32d4a40_0 {0 0 0};
    %jmp T_1.9;
T_1.8 ;
T_1.10 ;
    %vpi_func 4 134 "$feof" 32, v0x5a70f32d4050_0 {0 0 0};
    %nor/r;
    %flag_set/vec4 8;
    %jmp/0xz T_1.11, 8;
    %vpi_func 4 135 "$fscanf" 32, v0x5a70f32d4050_0, "x%d=%d\012", v0x5a70f32d43e0_0, v0x5a70f32d4510_0 {0 0 0};
    %store/vec4 v0x5a70f32d45f0_0, 0, 32;
    %load/vec4 v0x5a70f32d45f0_0;
    %cmpi/e 2, 0, 32;
    %jmp/0xz  T_1.12, 4;
    %load/vec4 v0x5a70f32d46d0_0;
    %addi 1, 0, 32;
    %store/vec4 v0x5a70f32d46d0_0, 0, 32;
    %ix/getv/s 4, v0x5a70f32d43e0_0;
    %load/vec4a v0x5a70f32cb670, 4;
    %store/vec4 v0x5a70f32d4130_0, 0, 32;
    %load/vec4 v0x5a70f32d4130_0;
    %load/vec4 v0x5a70f32d4510_0;
    %cmp/e;
    %jmp/0xz  T_1.14, 4;
    %load/vec4 v0x5a70f32d4300_0;
    %addi 1, 0, 32;
    %store/vec4 v0x5a70f32d4300_0, 0, 32;
    %vpi_call/w 4 141 "$display", "[check] PASS  x%-2d == %0d", v0x5a70f32d43e0_0, v0x5a70f32d4510_0 {0 0 0};
    %jmp T_1.15;
T_1.14 ;
    %vpi_call/w 4 143 "$display", "[check] FAIL  x%-2d expected %0d, got %0d", v0x5a70f32d43e0_0, v0x5a70f32d4510_0, v0x5a70f32d4130_0 {0 0 0};
T_1.15 ;
    %jmp T_1.13;
T_1.12 ;
    %vpi_func 4 148 "$fscanf" 32, v0x5a70f32d4050_0, "%s\012", v0x5a70f32d4210_0 {0 0 0};
    %store/vec4 v0x5a70f32d45f0_0, 0, 32;
T_1.13 ;
    %jmp T_1.10;
T_1.11 ;
    %vpi_call/w 4 151 "$fclose", v0x5a70f32d4050_0 {0 0 0};
    %vpi_call/w 4 153 "$display", "===================================================================" {0 0 0};
    %load/vec4 v0x5a70f32d46d0_0;
    %cmpi/e 0, 0, 32;
    %jmp/0xz  T_1.16, 4;
    %vpi_call/w 4 155 "$display", "[tb] no checks parsed from %0s", v0x5a70f32d4a40_0 {0 0 0};
    %jmp T_1.17;
T_1.16 ;
    %load/vec4 v0x5a70f32d4300_0;
    %load/vec4 v0x5a70f32d46d0_0;
    %cmp/e;
    %jmp/0xz  T_1.18, 4;
    %vpi_call/w 4 157 "$display", "[tb] RESULT: ALL %0d CHECK(S) PASSED", v0x5a70f32d46d0_0 {0 0 0};
    %jmp T_1.19;
T_1.18 ;
    %load/vec4 v0x5a70f32d46d0_0;
    %load/vec4 v0x5a70f32d4300_0;
    %sub;
    %vpi_call/w 4 159 "$display", "[tb] RESULT: %0d / %0d CHECK(S) FAILED", S<0,vec4,s32>, v0x5a70f32d46d0_0 {1 0 0};
T_1.19 ;
T_1.17 ;
    %vpi_call/w 4 161 "$display", "===================================================================" {0 0 0};
T_1.9 ;
    %end;
    .scope S_0x5a70f3271ec0;
T_2 ;
    %wait E_0x5a70f31cdf60;
    %load/vec4 v0x5a70f327e0b0_0;
    %flag_set/vec4 8;
    %jmp/0xz  T_2.0, 8;
    %pushi/vec4 0, 0, 8;
    %assign/vec4 v0x5a70f32728a0_0, 0;
    %jmp T_2.1;
T_2.0 ;
    %load/vec4 v0x5a70f3272800_0;
    %assign/vec4 v0x5a70f32728a0_0, 0;
T_2.1 ;
    %jmp T_2;
    .thread T_2;
    .scope S_0x5a70f32bd4f0;
T_3 ;
    %wait E_0x5a70f32ae670;
    %load/vec4 v0x5a70f32be210_0;
    %dup/vec4;
    %pushi/vec4 3, 0, 7;
    %cmp/u;
    %jmp/1 T_3.0, 6;
    %dup/vec4;
    %pushi/vec4 35, 0, 7;
    %cmp/u;
    %jmp/1 T_3.1, 6;
    %dup/vec4;
    %pushi/vec4 51, 0, 7;
    %cmp/u;
    %jmp/1 T_3.2, 6;
    %dup/vec4;
    %pushi/vec4 99, 0, 7;
    %cmp/u;
    %jmp/1 T_3.3, 6;
    %dup/vec4;
    %pushi/vec4 19, 0, 7;
    %cmp/u;
    %jmp/1 T_3.4, 6;
    %dup/vec4;
    %pushi/vec4 111, 0, 7;
    %cmp/u;
    %jmp/1 T_3.5, 6;
    %dup/vec4;
    %pushi/vec4 103, 0, 7;
    %cmp/u;
    %jmp/1 T_3.6, 6;
    %dup/vec4;
    %pushi/vec4 55, 0, 7;
    %cmp/u;
    %jmp/1 T_3.7, 6;
    %dup/vec4;
    %pushi/vec4 23, 0, 7;
    %cmp/u;
    %jmp/1 T_3.8, 6;
    %pushi/vec4 0, 0, 12;
    %store/vec4 v0x5a70f32bde80_0, 0, 12;
    %jmp T_3.10;
T_3.0 ;
    %pushi/vec4 2192, 0, 12;
    %store/vec4 v0x5a70f32bde80_0, 0, 12;
    %jmp T_3.10;
T_3.1 ;
    %pushi/vec4 448, 0, 12;
    %store/vec4 v0x5a70f32bde80_0, 0, 12;
    %jmp T_3.10;
T_3.2 ;
    %pushi/vec4 3844, 1792, 12;
    %store/vec4 v0x5a70f32bde80_0, 0, 12;
    %jmp T_3.10;
T_3.3 ;
    %pushi/vec4 522, 0, 12;
    %store/vec4 v0x5a70f32bde80_0, 0, 12;
    %jmp T_3.10;
T_3.4 ;
    %pushi/vec4 2180, 0, 12;
    %store/vec4 v0x5a70f32bde80_0, 0, 12;
    %jmp T_3.10;
T_3.5 ;
    %pushi/vec4 2849, 0, 12;
    %store/vec4 v0x5a70f32bde80_0, 0, 12;
    %jmp T_3.10;
T_3.6 ;
    %pushi/vec4 2209, 0, 12;
    %store/vec4 v0x5a70f32bde80_0, 0, 12;
    %jmp T_3.10;
T_3.7 ;
    %pushi/vec4 3248, 0, 12;
    %store/vec4 v0x5a70f32bde80_0, 0, 12;
    %jmp T_3.10;
T_3.8 ;
    %pushi/vec4 3248, 0, 12;
    %store/vec4 v0x5a70f32bde80_0, 0, 12;
    %jmp T_3.10;
T_3.10 ;
    %pop/vec4 1;
    %jmp T_3;
    .thread T_3, $push;
    .scope S_0x5a70f32bc8f0;
T_4 ;
    %wait E_0x5a70f32ae630;
    %load/vec4 v0x5a70f32bd0b0_0;
    %dup/vec4;
    %pushi/vec4 0, 0, 2;
    %cmp/u;
    %jmp/1 T_4.0, 6;
    %dup/vec4;
    %pushi/vec4 1, 0, 2;
    %cmp/u;
    %jmp/1 T_4.1, 6;
    %load/vec4 v0x5a70f32bd190_0;
    %dup/vec4;
    %pushi/vec4 0, 0, 3;
    %cmp/u;
    %jmp/1 T_4.4, 6;
    %dup/vec4;
    %pushi/vec4 1, 0, 3;
    %cmp/u;
    %jmp/1 T_4.5, 6;
    %dup/vec4;
    %pushi/vec4 2, 0, 3;
    %cmp/u;
    %jmp/1 T_4.6, 6;
    %dup/vec4;
    %pushi/vec4 3, 0, 3;
    %cmp/u;
    %jmp/1 T_4.7, 6;
    %dup/vec4;
    %pushi/vec4 4, 0, 3;
    %cmp/u;
    %jmp/1 T_4.8, 6;
    %dup/vec4;
    %pushi/vec4 5, 0, 3;
    %cmp/u;
    %jmp/1 T_4.9, 6;
    %dup/vec4;
    %pushi/vec4 6, 0, 3;
    %cmp/u;
    %jmp/1 T_4.10, 6;
    %dup/vec4;
    %pushi/vec4 7, 0, 3;
    %cmp/u;
    %jmp/1 T_4.11, 6;
    %pushi/vec4 0, 0, 4;
    %store/vec4 v0x5a70f32bcfb0_0, 0, 4;
    %jmp T_4.13;
T_4.4 ;
    %load/vec4 v0x5a70f32bd280_0;
    %load/vec4 v0x5a70f32bd340_0;
    %and;
    %flag_set/vec4 8;
    %jmp/0 T_4.14, 8;
    %pushi/vec4 1, 0, 4;
    %jmp/1 T_4.15, 8;
T_4.14 ; End of true expr.
    %pushi/vec4 0, 0, 4;
    %jmp/0 T_4.15, 8;
 ; End of false expr.
    %blend;
T_4.15;
    %store/vec4 v0x5a70f32bcfb0_0, 0, 4;
    %jmp T_4.13;
T_4.5 ;
    %pushi/vec4 7, 0, 4;
    %store/vec4 v0x5a70f32bcfb0_0, 0, 4;
    %jmp T_4.13;
T_4.6 ;
    %pushi/vec4 5, 0, 4;
    %store/vec4 v0x5a70f32bcfb0_0, 0, 4;
    %jmp T_4.13;
T_4.7 ;
    %pushi/vec4 10, 0, 4;
    %store/vec4 v0x5a70f32bcfb0_0, 0, 4;
    %jmp T_4.13;
T_4.8 ;
    %pushi/vec4 6, 0, 4;
    %store/vec4 v0x5a70f32bcfb0_0, 0, 4;
    %jmp T_4.13;
T_4.9 ;
    %load/vec4 v0x5a70f32bd280_0;
    %flag_set/vec4 8;
    %jmp/0 T_4.16, 8;
    %pushi/vec4 9, 0, 4;
    %jmp/1 T_4.17, 8;
T_4.16 ; End of true expr.
    %pushi/vec4 8, 0, 4;
    %jmp/0 T_4.17, 8;
 ; End of false expr.
    %blend;
T_4.17;
    %store/vec4 v0x5a70f32bcfb0_0, 0, 4;
    %jmp T_4.13;
T_4.10 ;
    %pushi/vec4 3, 0, 4;
    %store/vec4 v0x5a70f32bcfb0_0, 0, 4;
    %jmp T_4.13;
T_4.11 ;
    %pushi/vec4 2, 0, 4;
    %store/vec4 v0x5a70f32bcfb0_0, 0, 4;
    %jmp T_4.13;
T_4.13 ;
    %pop/vec4 1;
    %jmp T_4.3;
T_4.0 ;
    %pushi/vec4 0, 0, 4;
    %store/vec4 v0x5a70f32bcfb0_0, 0, 4;
    %jmp T_4.3;
T_4.1 ;
    %pushi/vec4 1, 0, 4;
    %store/vec4 v0x5a70f32bcfb0_0, 0, 4;
    %jmp T_4.3;
T_4.3 ;
    %pop/vec4 1;
    %jmp T_4;
    .thread T_4, $push;
    .scope S_0x5a70f32c8190;
T_5 ;
    %wait E_0x5a70f32bfd90;
    %load/vec4 v0x5a70f32c8830_0;
    %flag_set/vec4 8;
    %jmp/0xz  T_5.0, 8;
    %pushi/vec4 0, 0, 32;
    %assign/vec4 v0x5a70f32c8740_0, 0;
    %jmp T_5.1;
T_5.0 ;
    %load/vec4 v0x5a70f32c8670_0;
    %flag_set/vec4 8;
    %jmp/0xz  T_5.2, 8;
    %load/vec4 v0x5a70f32c8580_0;
    %assign/vec4 v0x5a70f32c8740_0, 0;
T_5.2 ;
T_5.1 ;
    %jmp T_5;
    .thread T_5;
    .scope S_0x5a70f32c4340;
T_6 ;
    %wait E_0x5a70f32bfd90;
    %load/vec4 v0x5a70f32c4ae0_0;
    %flag_set/vec4 8;
    %jmp/0xz  T_6.0, 8;
    %pushi/vec4 0, 0, 96;
    %assign/vec4 v0x5a70f32c49b0_0, 0;
    %jmp T_6.1;
T_6.0 ;
    %load/vec4 v0x5a70f32c48f0_0;
    %flag_set/vec4 8;
    %jmp/0xz  T_6.2, 8;
    %load/vec4 v0x5a70f32c4690_0;
    %flag_set/vec4 8;
    %jmp/0 T_6.4, 8;
    %pushi/vec4 0, 0, 96;
    %jmp/1 T_6.5, 8;
T_6.4 ; End of true expr.
    %load/vec4 v0x5a70f32c4820_0;
    %jmp/0 T_6.5, 8;
 ; End of false expr.
    %blend;
T_6.5;
    %assign/vec4 v0x5a70f32c49b0_0, 0;
T_6.2 ;
T_6.1 ;
    %jmp T_6;
    .thread T_6;
    .scope S_0x5a70f32c9e30;
T_7 ;
    %pushi/vec4 0, 0, 32;
    %store/vec4 v0x5a70f32cb310_0, 0, 32;
T_7.0 ;
    %load/vec4 v0x5a70f32cb310_0;
    %cmpi/s 32, 0, 32;
    %jmp/0xz T_7.1, 5;
    %pushi/vec4 0, 0, 32;
    %ix/getv/s 4, v0x5a70f32cb310_0;
    %store/vec4a v0x5a70f32cb670, 4, 0;
    %load/vec4 v0x5a70f32cb310_0;
    %addi 1, 0, 32;
    %store/vec4 v0x5a70f32cb310_0, 0, 32;
    %jmp T_7.0;
T_7.1 ;
    %end;
    .thread T_7;
    .scope S_0x5a70f32c9e30;
T_8 ;
    %wait E_0x5a70f31ce460;
    %load/vec4 v0x5a70f32cb970_0;
    %flag_set/vec4 8;
    %jmp/0xz  T_8.0, 8;
    %load/vec4 v0x5a70f32cb8d0_0;
    %load/vec4 v0x5a70f32cb5b0_0;
    %pad/u 7;
    %ix/vec4 3;
    %ix/load 4, 0, 0; Constant delay
    %assign/vec4/a/d v0x5a70f32cb670, 0, 4;
T_8.0 ;
    %jmp T_8;
    .thread T_8;
    .scope S_0x5a70f32c0420;
T_9 ;
    %wait E_0x5a70f32ae800;
    %load/vec4 v0x5a70f32c0790_0;
    %dup/vec4;
    %pushi/vec4 0, 0, 3;
    %cmp/u;
    %jmp/1 T_9.0, 6;
    %dup/vec4;
    %pushi/vec4 1, 0, 3;
    %cmp/u;
    %jmp/1 T_9.1, 6;
    %dup/vec4;
    %pushi/vec4 2, 0, 3;
    %cmp/u;
    %jmp/1 T_9.2, 6;
    %dup/vec4;
    %pushi/vec4 3, 0, 3;
    %cmp/u;
    %jmp/1 T_9.3, 6;
    %dup/vec4;
    %pushi/vec4 4, 0, 3;
    %cmp/u;
    %jmp/1 T_9.4, 6;
    %pushi/vec4 0, 0, 32;
    %store/vec4 v0x5a70f32c0690_0, 0, 32;
    %jmp T_9.6;
T_9.0 ;
    %load/vec4 v0x5a70f32c08a0_0;
    %parti/s 1, 24, 6;
    %replicate 20;
    %load/vec4 v0x5a70f32c08a0_0;
    %parti/s 12, 13, 5;
    %concat/vec4; draw_concat_vec4
    %store/vec4 v0x5a70f32c0690_0, 0, 32;
    %jmp T_9.6;
T_9.1 ;
    %load/vec4 v0x5a70f32c08a0_0;
    %parti/s 1, 24, 6;
    %replicate 20;
    %load/vec4 v0x5a70f32c08a0_0;
    %parti/s 7, 18, 6;
    %concat/vec4; draw_concat_vec4
    %load/vec4 v0x5a70f32c08a0_0;
    %parti/s 5, 0, 2;
    %concat/vec4; draw_concat_vec4
    %store/vec4 v0x5a70f32c0690_0, 0, 32;
    %jmp T_9.6;
T_9.2 ;
    %load/vec4 v0x5a70f32c08a0_0;
    %parti/s 1, 24, 6;
    %replicate 20;
    %load/vec4 v0x5a70f32c08a0_0;
    %parti/s 1, 0, 2;
    %concat/vec4; draw_concat_vec4
    %load/vec4 v0x5a70f32c08a0_0;
    %parti/s 6, 18, 6;
    %concat/vec4; draw_concat_vec4
    %load/vec4 v0x5a70f32c08a0_0;
    %parti/s 4, 1, 2;
    %concat/vec4; draw_concat_vec4
    %concati/vec4 0, 0, 1;
    %store/vec4 v0x5a70f32c0690_0, 0, 32;
    %jmp T_9.6;
T_9.3 ;
    %load/vec4 v0x5a70f32c08a0_0;
    %parti/s 1, 24, 6;
    %replicate 12;
    %load/vec4 v0x5a70f32c08a0_0;
    %parti/s 8, 5, 4;
    %concat/vec4; draw_concat_vec4
    %load/vec4 v0x5a70f32c08a0_0;
    %parti/s 1, 13, 5;
    %concat/vec4; draw_concat_vec4
    %load/vec4 v0x5a70f32c08a0_0;
    %parti/s 10, 14, 5;
    %concat/vec4; draw_concat_vec4
    %concati/vec4 0, 0, 1;
    %store/vec4 v0x5a70f32c0690_0, 0, 32;
    %jmp T_9.6;
T_9.4 ;
    %load/vec4 v0x5a70f32c08a0_0;
    %parti/s 20, 5, 4;
    %concati/vec4 0, 0, 12;
    %store/vec4 v0x5a70f32c0690_0, 0, 32;
    %jmp T_9.6;
T_9.6 ;
    %pop/vec4 1;
    %jmp T_9;
    .thread T_9, $push;
    .scope S_0x5a70f32c3a10;
T_10 ;
    %wait E_0x5a70f32bfd90;
    %load/vec4 v0x5a70f32c41c0_0;
    %flag_set/vec4 8;
    %jmp/0xz  T_10.0, 8;
    %pushi/vec4 0, 0, 190;
    %assign/vec4 v0x5a70f32c4090_0, 0;
    %jmp T_10.1;
T_10.0 ;
    %load/vec4 v0x5a70f32c3fd0_0;
    %flag_set/vec4 8;
    %jmp/0xz  T_10.2, 8;
    %load/vec4 v0x5a70f32c3d50_0;
    %flag_set/vec4 8;
    %jmp/0 T_10.4, 8;
    %pushi/vec4 0, 0, 190;
    %jmp/1 T_10.5, 8;
T_10.4 ; End of true expr.
    %load/vec4 v0x5a70f32c3f30_0;
    %jmp/0 T_10.5, 8;
 ; End of false expr.
    %blend;
T_10.5;
    %assign/vec4 v0x5a70f32c4090_0, 0;
T_10.2 ;
T_10.1 ;
    %jmp T_10;
    .thread T_10;
    .scope S_0x5a70f32cc1e0;
T_11 ;
    %wait E_0x5a70f32c3c70;
    %load/vec4 v0x5a70f32cc650_0;
    %dup/vec4;
    %pushi/vec4 0, 0, 4;
    %cmp/u;
    %jmp/1 T_11.0, 6;
    %dup/vec4;
    %pushi/vec4 1, 0, 4;
    %cmp/u;
    %jmp/1 T_11.1, 6;
    %dup/vec4;
    %pushi/vec4 2, 0, 4;
    %cmp/u;
    %jmp/1 T_11.2, 6;
    %dup/vec4;
    %pushi/vec4 3, 0, 4;
    %cmp/u;
    %jmp/1 T_11.3, 6;
    %dup/vec4;
    %pushi/vec4 6, 0, 4;
    %cmp/u;
    %jmp/1 T_11.4, 6;
    %dup/vec4;
    %pushi/vec4 7, 0, 4;
    %cmp/u;
    %jmp/1 T_11.5, 6;
    %dup/vec4;
    %pushi/vec4 8, 0, 4;
    %cmp/u;
    %jmp/1 T_11.6, 6;
    %dup/vec4;
    %pushi/vec4 9, 0, 4;
    %cmp/u;
    %jmp/1 T_11.7, 6;
    %dup/vec4;
    %pushi/vec4 10, 0, 4;
    %cmp/u;
    %jmp/1 T_11.8, 6;
    %dup/vec4;
    %pushi/vec4 5, 0, 4;
    %cmp/u;
    %jmp/1 T_11.9, 6;
    %pushi/vec4 0, 0, 32;
    %store/vec4 v0x5a70f32cc730_0, 0, 32;
    %jmp T_11.11;
T_11.0 ;
    %load/vec4 v0x5a70f32cc830_0;
    %load/vec4 v0x5a70f32cc900_0;
    %add;
    %store/vec4 v0x5a70f32cc730_0, 0, 32;
    %jmp T_11.11;
T_11.1 ;
    %load/vec4 v0x5a70f32cc830_0;
    %load/vec4 v0x5a70f32cc900_0;
    %inv;
    %add;
    %addi 1, 0, 32;
    %store/vec4 v0x5a70f32cc730_0, 0, 32;
    %jmp T_11.11;
T_11.2 ;
    %load/vec4 v0x5a70f32cc830_0;
    %load/vec4 v0x5a70f32cc900_0;
    %and;
    %store/vec4 v0x5a70f32cc730_0, 0, 32;
    %jmp T_11.11;
T_11.3 ;
    %load/vec4 v0x5a70f32cc830_0;
    %load/vec4 v0x5a70f32cc900_0;
    %or;
    %store/vec4 v0x5a70f32cc730_0, 0, 32;
    %jmp T_11.11;
T_11.4 ;
    %load/vec4 v0x5a70f32cc830_0;
    %load/vec4 v0x5a70f32cc900_0;
    %xor;
    %store/vec4 v0x5a70f32cc730_0, 0, 32;
    %jmp T_11.11;
T_11.5 ;
    %load/vec4 v0x5a70f32cc830_0;
    %ix/getv 4, v0x5a70f32cc900_0;
    %shiftl 4;
    %store/vec4 v0x5a70f32cc730_0, 0, 32;
    %jmp T_11.11;
T_11.6 ;
    %load/vec4 v0x5a70f32cc830_0;
    %ix/getv 4, v0x5a70f32cc900_0;
    %shiftr 4;
    %store/vec4 v0x5a70f32cc730_0, 0, 32;
    %jmp T_11.11;
T_11.7 ;
    %load/vec4 v0x5a70f32cc830_0;
    %ix/getv 4, v0x5a70f32cc900_0;
    %shiftr 4;
    %store/vec4 v0x5a70f32cc730_0, 0, 32;
    %jmp T_11.11;
T_11.8 ;
    %load/vec4 v0x5a70f32cc830_0;
    %load/vec4 v0x5a70f32cc900_0;
    %cmp/u;
    %flag_mov 8, 5;
    %jmp/0 T_11.12, 8;
    %pushi/vec4 1, 0, 32;
    %jmp/1 T_11.13, 8;
T_11.12 ; End of true expr.
    %pushi/vec4 0, 0, 32;
    %jmp/0 T_11.13, 8;
 ; End of false expr.
    %blend;
T_11.13;
    %store/vec4 v0x5a70f32cc730_0, 0, 32;
    %jmp T_11.11;
T_11.9 ;
    %load/vec4 v0x5a70f32cc830_0;
    %load/vec4 v0x5a70f32cc900_0;
    %cmp/s;
    %flag_mov 8, 5;
    %jmp/0 T_11.14, 8;
    %pushi/vec4 1, 0, 32;
    %jmp/1 T_11.15, 8;
T_11.14 ; End of true expr.
    %pushi/vec4 0, 0, 32;
    %jmp/0 T_11.15, 8;
 ; End of false expr.
    %blend;
T_11.15;
    %store/vec4 v0x5a70f32cc730_0, 0, 32;
    %jmp T_11.11;
T_11.11 ;
    %pop/vec4 1;
    %jmp T_11;
    .thread T_11, $push;
    .scope S_0x5a70f32bfa50;
T_12 ;
    %wait E_0x5a70f32bfd90;
    %load/vec4 v0x5a70f32c0260_0;
    %flag_set/vec4 8;
    %jmp/0xz  T_12.0, 8;
    %pushi/vec4 0, 0, 140;
    %assign/vec4 v0x5a70f32c0130_0, 0;
    %jmp T_12.1;
T_12.0 ;
    %load/vec4 v0x5a70f32c0090_0;
    %flag_set/vec4 8;
    %jmp/0xz  T_12.2, 8;
    %load/vec4 v0x5a70f32bfdf0_0;
    %flag_set/vec4 8;
    %jmp/0 T_12.4, 8;
    %pushi/vec4 0, 0, 140;
    %jmp/1 T_12.5, 8;
T_12.4 ; End of true expr.
    %load/vec4 v0x5a70f32bffc0_0;
    %jmp/0 T_12.5, 8;
 ; End of false expr.
    %blend;
T_12.5;
    %assign/vec4 v0x5a70f32c0130_0, 0;
T_12.2 ;
T_12.1 ;
    %jmp T_12;
    .thread T_12;
    .scope S_0x5a70f32c6b50;
T_13 ;
    %wait E_0x5a70f32bfd90;
    %load/vec4 v0x5a70f32c7260_0;
    %flag_set/vec4 8;
    %jmp/0xz  T_13.0, 8;
    %pushi/vec4 0, 0, 136;
    %assign/vec4 v0x5a70f32c7180_0, 0;
    %jmp T_13.1;
T_13.0 ;
    %load/vec4 v0x5a70f32c70c0_0;
    %flag_set/vec4 8;
    %jmp/0xz  T_13.2, 8;
    %load/vec4 v0x5a70f32c6e50_0;
    %flag_set/vec4 8;
    %jmp/0 T_13.4, 8;
    %pushi/vec4 0, 0, 136;
    %jmp/1 T_13.5, 8;
T_13.4 ; End of true expr.
    %load/vec4 v0x5a70f32c6ff0_0;
    %jmp/0 T_13.5, 8;
 ; End of false expr.
    %blend;
T_13.5;
    %assign/vec4 v0x5a70f32c7180_0, 0;
T_13.2 ;
T_13.1 ;
    %jmp T_13;
    .thread T_13;
    .scope S_0x5a70f32c2090;
T_14 ;
    %wait E_0x5a70f32c2270;
    %load/vec4 v0x5a70f32c33d0_0;
    %pushi/vec4 0, 0, 5;
    %cmp/ne;
    %flag_get/vec4 4;
    %load/vec4 v0x5a70f32c33d0_0;
    %load/vec4 v0x5a70f32c2de0_0;
    %cmp/e;
    %flag_get/vec4 4;
    %and;
    %load/vec4 v0x5a70f32c2fa0_0;
    %and;
    %flag_set/vec4 8;
    %jmp/0xz  T_14.0, 8;
    %pushi/vec4 2, 0, 2;
    %store/vec4 v0x5a70f32c2980_0, 0, 2;
    %jmp T_14.1;
T_14.0 ;
    %load/vec4 v0x5a70f32c33d0_0;
    %pushi/vec4 0, 0, 5;
    %cmp/ne;
    %flag_get/vec4 4;
    %load/vec4 v0x5a70f32c33d0_0;
    %load/vec4 v0x5a70f32c2ec0_0;
    %cmp/e;
    %flag_get/vec4 4;
    %and;
    %load/vec4 v0x5a70f32c3060_0;
    %and;
    %flag_set/vec4 8;
    %jmp/0xz  T_14.2, 8;
    %pushi/vec4 1, 0, 2;
    %store/vec4 v0x5a70f32c2980_0, 0, 2;
    %jmp T_14.3;
T_14.2 ;
    %pushi/vec4 0, 0, 2;
    %store/vec4 v0x5a70f32c2980_0, 0, 2;
T_14.3 ;
T_14.1 ;
    %load/vec4 v0x5a70f32c3590_0;
    %pushi/vec4 0, 0, 5;
    %cmp/ne;
    %flag_get/vec4 4;
    %load/vec4 v0x5a70f32c3590_0;
    %load/vec4 v0x5a70f32c2de0_0;
    %cmp/e;
    %flag_get/vec4 4;
    %and;
    %load/vec4 v0x5a70f32c2fa0_0;
    %and;
    %flag_set/vec4 8;
    %jmp/0xz  T_14.4, 8;
    %pushi/vec4 2, 0, 2;
    %store/vec4 v0x5a70f32c2ad0_0, 0, 2;
    %jmp T_14.5;
T_14.4 ;
    %load/vec4 v0x5a70f32c3590_0;
    %pushi/vec4 0, 0, 5;
    %cmp/ne;
    %flag_get/vec4 4;
    %load/vec4 v0x5a70f32c3590_0;
    %load/vec4 v0x5a70f32c2ec0_0;
    %cmp/e;
    %flag_get/vec4 4;
    %and;
    %load/vec4 v0x5a70f32c3060_0;
    %and;
    %flag_set/vec4 8;
    %jmp/0xz  T_14.6, 8;
    %pushi/vec4 1, 0, 2;
    %store/vec4 v0x5a70f32c2ad0_0, 0, 2;
    %jmp T_14.7;
T_14.6 ;
    %pushi/vec4 0, 0, 2;
    %store/vec4 v0x5a70f32c2ad0_0, 0, 2;
T_14.7 ;
T_14.5 ;
    %jmp T_14;
    .thread T_14, $push;
    .scope S_0x5a70f32bb940;
T_15 ;
    %fork t_1, S_0x5a70f32bbbe0;
    %jmp t_0;
    .scope S_0x5a70f32bbbe0;
t_1 ;
    %pushi/vec4 0, 0, 32;
    %store/vec4 v0x5a70f32bbde0_0, 0, 32;
T_15.0 ;
    %load/vec4 v0x5a70f32bbde0_0;
    %cmpi/s 256, 0, 32;
    %jmp/0xz T_15.1, 5;
    %pushi/vec4 19, 0, 32;
    %ix/getv/s 4, v0x5a70f32bbde0_0;
    %store/vec4a v0x5a70f32bbee0, 4, 0;
    %load/vec4 v0x5a70f32bbde0_0;
    %addi 1, 0, 32;
    %store/vec4 v0x5a70f32bbde0_0, 0, 32;
    %jmp T_15.0;
T_15.1 ;
    %vpi_func 7 24 "$value$plusargs" 32, "MEMFILE=%s", v0x5a70f32bc270_0 {0 0 0};
    %nor/r;
    %flag_set/vec4 8;
    %jmp/0xz  T_15.2, 8;
    %pushi/vec4 0, 0, 32; draw_string_vec4
    %pushi/vec4 0, 0, 32; draw_string_vec4
    %concat/vec4; draw_string_vec4
    %pushi/vec4 0, 0, 32; draw_string_vec4
    %concat/vec4; draw_string_vec4
    %pushi/vec4 0, 0, 32; draw_string_vec4
    %concat/vec4; draw_string_vec4
    %pushi/vec4 0, 0, 32; draw_string_vec4
    %concat/vec4; draw_string_vec4
    %pushi/vec4 0, 0, 32; draw_string_vec4
    %concat/vec4; draw_string_vec4
    %pushi/vec4 0, 0, 32; draw_string_vec4
    %concat/vec4; draw_string_vec4
    %pushi/vec4 0, 0, 32; draw_string_vec4
    %concat/vec4; draw_string_vec4
    %pushi/vec4 0, 0, 32; draw_string_vec4
    %concat/vec4; draw_string_vec4
    %pushi/vec4 0, 0, 32; draw_string_vec4
    %concat/vec4; draw_string_vec4
    %pushi/vec4 0, 0, 32; draw_string_vec4
    %concat/vec4; draw_string_vec4
    %pushi/vec4 0, 0, 32; draw_string_vec4
    %concat/vec4; draw_string_vec4
    %pushi/vec4 0, 0, 32; draw_string_vec4
    %concat/vec4; draw_string_vec4
    %pushi/vec4 0, 0, 32; draw_string_vec4
    %concat/vec4; draw_string_vec4
    %pushi/vec4 0, 0, 32; draw_string_vec4
    %concat/vec4; draw_string_vec4
    %pushi/vec4 0, 0, 32; draw_string_vec4
    %concat/vec4; draw_string_vec4
    %pushi/vec4 0, 0, 32; draw_string_vec4
    %concat/vec4; draw_string_vec4
    %pushi/vec4 0, 0, 32; draw_string_vec4
    %concat/vec4; draw_string_vec4
    %pushi/vec4 0, 0, 32; draw_string_vec4
    %concat/vec4; draw_string_vec4
    %pushi/vec4 0, 0, 32; draw_string_vec4
    %concat/vec4; draw_string_vec4
    %pushi/vec4 0, 0, 32; draw_string_vec4
    %concat/vec4; draw_string_vec4
    %pushi/vec4 0, 0, 32; draw_string_vec4
    %concat/vec4; draw_string_vec4
    %pushi/vec4 0, 0, 32; draw_string_vec4
    %concat/vec4; draw_string_vec4
    %pushi/vec4 0, 0, 32; draw_string_vec4
    %concat/vec4; draw_string_vec4
    %pushi/vec4 0, 0, 32; draw_string_vec4
    %concat/vec4; draw_string_vec4
    %pushi/vec4 0, 0, 32; draw_string_vec4
    %concat/vec4; draw_string_vec4
    %pushi/vec4 0, 0, 32; draw_string_vec4
    %concat/vec4; draw_string_vec4
    %pushi/vec4 1886547815, 0, 32; draw_string_vec4
    %concat/vec4; draw_string_vec4
    %pushi/vec4 1918987635, 0, 32; draw_string_vec4
    %concat/vec4; draw_string_vec4
    %pushi/vec4 795108710, 0, 32; draw_string_vec4
    %concat/vec4; draw_string_vec4
    %pushi/vec4 1635085428, 0, 32; draw_string_vec4
    %concat/vec4; draw_string_vec4
    %pushi/vec4 779384948, 0, 32; draw_string_vec4
    %concat/vec4; draw_string_vec4
    %store/vec4 v0x5a70f32bc270_0, 0, 1024;
T_15.2 ;
    %vpi_call/w 7 27 "$readmemh", v0x5a70f32bc270_0, v0x5a70f32bbee0 {0 0 0};
    %vpi_call/w 7 28 "$display", "[instr_mem] loaded program: %0s", v0x5a70f32bc270_0 {0 0 0};
    %end;
    .scope S_0x5a70f32bb940;
t_0 %join;
    %end;
    .thread T_15;
    .scope S_0x5a70f3298990;
T_16 ;
    %fork t_3, S_0x5a70f32bae80;
    %jmp t_2;
    .scope S_0x5a70f32bae80;
t_3 ;
    %pushi/vec4 0, 0, 32;
    %store/vec4 v0x5a70f32bb080_0, 0, 32;
T_16.0 ;
    %load/vec4 v0x5a70f32bb080_0;
    %cmpi/s 256, 0, 32;
    %jmp/0xz T_16.1, 5;
    %pushi/vec4 0, 0, 32;
    %ix/getv/s 4, v0x5a70f32bb080_0;
    %store/vec4a v0x5a70f32bb180, 4, 0;
    %load/vec4 v0x5a70f32bb080_0;
    %addi 1, 0, 32;
    %store/vec4 v0x5a70f32bb080_0, 0, 32;
    %jmp T_16.0;
T_16.1 ;
    %end;
    .scope S_0x5a70f3298990;
t_2 %join;
    %end;
    .thread T_16;
    .scope S_0x5a70f3298990;
T_17 ;
    %wait E_0x5a70f31ce460;
    %load/vec4 v0x5a70f32bb7e0_0;
    %flag_set/vec4 8;
    %jmp/0xz  T_17.0, 8;
    %load/vec4 v0x5a70f32bb700_0;
    %load/vec4 v0x5a70f32bb430_0;
    %parti/s 30, 2, 3;
    %ix/vec4 3;
    %ix/load 4, 0, 0; Constant delay
    %assign/vec4/a/d v0x5a70f32bb180, 0, 4;
T_17.0 ;
    %jmp T_17;
    .thread T_17;
    .scope S_0x5a70f328ad10;
T_18 ;
    %delay 5000, 0;
    %load/vec4 v0x5a70f32d47b0_0;
    %inv;
    %store/vec4 v0x5a70f32d47b0_0, 0, 1;
    %jmp T_18;
    .thread T_18;
    .scope S_0x5a70f328ad10;
T_19 ;
    %pushi/vec4 0, 0, 1;
    %store/vec4 v0x5a70f32d47b0_0, 0, 1;
    %pushi/vec4 1, 0, 1;
    %store/vec4 v0x5a70f32d52c0_0, 0, 1;
    %pushi/vec4 0, 0, 1;
    %store/vec4 v0x5a70f32d4c30_0, 0, 1;
    %pushi/vec4 0, 0, 32;
    %store/vec4 v0x5a70f32d4cd0_0, 0, 32;
    %pushi/vec4 0, 0, 32;
    %store/vec4 v0x5a70f32d4b20_0, 0, 32;
    %pushi/vec4 0, 0, 32;
    %store/vec4 v0x5a70f32d4870_0, 0, 32;
    %vpi_func 4 174 "$value$plusargs" 32, "CYCLES=%d", v0x5a70f32d4ee0_0 {0 0 0};
    %nor/r;
    %flag_set/vec4 8;
    %jmp/0xz  T_19.0, 8;
    %pushi/vec4 100, 0, 32;
    %store/vec4 v0x5a70f32d4ee0_0, 0, 32;
T_19.0 ;
    %vpi_func 4 177 "$value$plusargs" 32, "REGDUMP=%s", v0x5a70f32d51e0_0 {0 0 0};
    %pad/s 1;
    %store/vec4 v0x5a70f32d4e40_0, 0, 1;
    %vpi_func 4 178 "$value$plusargs" 32, "EXPECT=%s", v0x5a70f32d4a40_0 {0 0 0};
    %pad/s 1;
    %store/vec4 v0x5a70f32d4da0_0, 0, 1;
    %vpi_call/w 4 180 "$dumpfile", "waves/riscv_cpu_tb.vcd" {0 0 0};
    %vpi_call/w 4 181 "$dumpvars", 32'sb00000000000000000000000000000000, S_0x5a70f328ad10 {0 0 0};
    %delay 12000, 0;
    %pushi/vec4 0, 0, 1;
    %store/vec4 v0x5a70f32d52c0_0, 0, 1;
    %end;
    .thread T_19;
    .scope S_0x5a70f328ad10;
T_20 ;
    %wait E_0x5a70f31ce460;
    %load/vec4 v0x5a70f32d52c0_0;
    %nor/r;
    %flag_set/vec4 8;
    %jmp/0xz  T_20.0, 8;
    %vpi_call/w 4 189 "$display", "t=%0t  pc=%08h  instr_result=%08h  mem_write=%b  data_addr=%08h  write_data=%08h  read_data=%08h", $time, v0x5a70f32d5060_0, v0x5a70f32d5470_0, v0x5a70f32d4fc0_0, v0x5a70f32d4950_0, v0x5a70f32d5530_0, v0x5a70f32d5120_0 {0 0 0};
    %load/vec4 v0x5a70f32d4870_0;
    %addi 1, 0, 32;
    %store/vec4 v0x5a70f32d4870_0, 0, 32;
    %load/vec4 v0x5a70f32d4ee0_0;
    %load/vec4 v0x5a70f32d4870_0;
    %cmp/s;
    %flag_or 5, 4;
    %jmp/0xz  T_20.2, 5;
    %vpi_call/w 4 194 "$display", "[tb] reached max cycle count (%0d), stopping.", v0x5a70f32d4ee0_0 {0 0 0};
    %fork TD_riscv_cpu_tb.dump_registers, S_0x5a70f3298260;
    %join;
    %load/vec4 v0x5a70f32d4da0_0;
    %flag_set/vec4 8;
    %jmp/0xz  T_20.4, 8;
    %fork TD_riscv_cpu_tb.run_expect_checks, S_0x5a70f32d3e70;
    %join;
T_20.4 ;
    %vpi_call/w 4 197 "$finish" {0 0 0};
T_20.2 ;
T_20.0 ;
    %jmp T_20;
    .thread T_20;
# The file index is used to find the file name in the following table.
:file_names 24;
    "N/A";
    "<interactive>";
    "-";
    "/home/anuj/Single-Cycle-RISCV-Core/hi/riscv_project/rtl/flopr.v";
    "/home/anuj/Single-Cycle-RISCV-Core/hi/riscv_project/tb/riscv_cpu_tb.v";
    "/home/anuj/Single-Cycle-RISCV-Core/hi/riscv_project/rtl/riscv_cpu_wrapper.v";
    "/home/anuj/Single-Cycle-RISCV-Core/hi/riscv_project/tb/data_mem.v";
    "/home/anuj/Single-Cycle-RISCV-Core/hi/riscv_project/tb/instr_mem.v";
    "/home/anuj/Single-Cycle-RISCV-Core/hi/riscv_project/rtl/riscv_cpu.v";
    "/home/anuj/Single-Cycle-RISCV-Core/hi/riscv_project/rtl/controller.v";
    "/home/anuj/Single-Cycle-RISCV-Core/hi/riscv_project/rtl/alu_decoder.v";
    "/home/anuj/Single-Cycle-RISCV-Core/hi/riscv_project/rtl/main_decoder.v";
    "/home/anuj/Single-Cycle-RISCV-Core/hi/riscv_project/rtl/datapath.v";
    "/home/anuj/Single-Cycle-RISCV-Core/hi/riscv_project/rtl/mux2.v";
    "/home/anuj/Single-Cycle-RISCV-Core/hi/riscv_project/rtl/flopenrc.v";
    "/home/anuj/Single-Cycle-RISCV-Core/hi/riscv_project/rtl/imm_extend.v";
    "/home/anuj/Single-Cycle-RISCV-Core/hi/riscv_project/rtl/mux3.v";
    "/home/anuj/Single-Cycle-RISCV-Core/hi/riscv_project/rtl/hazard_unit.v";
    "/home/anuj/Single-Cycle-RISCV-Core/hi/riscv_project/rtl/mux8.v";
    "/home/anuj/Single-Cycle-RISCV-Core/hi/riscv_project/rtl/adder.v";
    "/home/anuj/Single-Cycle-RISCV-Core/hi/riscv_project/rtl/flopenr.v";
    "/home/anuj/Single-Cycle-RISCV-Core/hi/riscv_project/rtl/mux4.v";
    "/home/anuj/Single-Cycle-RISCV-Core/hi/riscv_project/rtl/reg_file.v";
    "/home/anuj/Single-Cycle-RISCV-Core/hi/riscv_project/rtl/alu.v";
